<html>
<body>
<pre>
<h1>µVision Build Log</h1>
<h2>Tool Versions:</h2>
IDE-Version: ¦ÌVision V5.29.0.0
Copyright (C) 2019 ARM Ltd and ARM Germany GmbH. All rights reserved.
License Information: 1 2, 3, LIC=14HV2-9DABR-MMK9I-TLDX0-1DVAW-0DK2E
 
Tool Versions:
Toolchain:       MDK-ARM Plus  Version: 5.29.0.0
Toolchain Path:  E:\KEIL5\ARM\ARMCC\Bin
C Compiler:      Armcc.exe V5.06 update 6 (build 750)
Assembler:       Armasm.exe V5.06 update 6 (build 750)
Linker/Locator:  ArmLink.exe V5.06 update 6 (build 750)
Library Manager: ArmAr.exe V5.06 update 6 (build 750)
Hex Converter:   FromElf.exe V5.06 update 6 (build 750)
CPU DLL:         SARMCM3.DLL V5.29.0.0
Dialog DLL:      DARMSTM.DLL V1.68.0.0
Target DLL:      STLink\ST-LINKIII-KEIL_SWO.dll V3.0.7.0
Dialog DLL:      TARMSTM.DLL V1.66.0.0
 
<h2>Project:</h2>
C:\Users\wei\Desktop\lcd_calendar_alarm clock\USER\LCD.uvprojx
Project File Date:  03/05/2020

<h2>Output:</h2>
*** Using Compiler 'V5.06 update 6 (build 750)', folder: 'E:\KEIL5\ARM\ARMCC\Bin'
Build target 'LCD'
compiling beep.c...
compiling main.c...
main.c(23): warning:  #177-D: variable "x"  was declared but never referenced
      u8 x = 0;
main.c(24): warning:  #177-D: variable "key"  was declared but never referenced
      u8 key;
main.c(25): warning:  #177-D: variable "time_cnt"  was declared but never referenced
      u8 time_cnt = 0;
main.c(26): warning:  #177-D: variable "alarm_cnt"  was declared but never referenced
      u8 alarm_cnt = 0;
main.c(27): warning:  #177-D: variable "alarm_en_cnt"  was declared but never referenced
      u8 alarm_en_cnt = 0;
main.c: 5 warnings, 0 errors
linking...
Program Size: Code=39856 RO-data=6864 RW-data=60 ZI-data=1660  
FromELF: creating hex file...
"..\OBJ\LCD.axf" - 0 Error(s), 5 Warning(s).

<h2>Software Packages used:</h2>

Package Vendor: Keil
                http://www.keil.com/pack/Keil.STM32F1xx_DFP.2.3.0.pack
                Keil.STM32F1xx_DFP.2.3.0
                STMicroelectronics STM32F1 Series Device Support, Drivers and Examples

<h2>Collection of Component include folders:</h2>
  .\RTE\_LCD
  E:\KEIL5\Keil\STM32F1xx_DFP\2.3.0\Device\Include

<h2>Collection of Component Files used:</h2>
Build Time Elapsed:  00:00:03
</pre>
</body>
</html>
