Component: ARM Compiler 5.06 update 6 (build 750) Tool: armlink [4d35ed]

==============================================================================

Section Cross References

    main.o(.text) refers to _printf_pad.o(.text) for _printf_pre_padding
    main.o(.text) refers to _printf_percent.o(.ARM.Collect$$_printf_percent$$00000000) for _printf_percent
    main.o(.text) refers to _printf_x.o(.ARM.Collect$$_printf_percent$$0000000C) for _printf_x
    main.o(.text) refers to _printf_hex_int.o(.text) for _printf_longlong_hex
    main.o(.text) refers to delay.o(.text) for delay_init
    main.o(.text) refers to misc.o(.text) for NVIC_PriorityGroupConfig
    main.o(.text) refers to usart.o(.text) for uart_init
    main.o(.text) refers to led.o(.text) for LED_Init
    main.o(.text) refers to lcd.o(.text) for LCD_Init
    main.o(.text) refers to key.o(.text) for KEY_Init
    main.o(.text) refers to rtc.o(.text) for initRTC
    main.o(.text) refers to noretval__2printf.o(.text) for __2printf
    main.o(.text) refers to noretval__2sprintf.o(.text) for __2sprintf
    main.o(.text) refers to rtc.o(.bss) for calendar
    main.o(.text) refers to lcd.o(.data) for POINT_COLOR
    main.o(.text) refers to lcd.o(.bss) for lcddev
    system_stm32f10x.o(.text) refers to system_stm32f10x.o(.data) for SystemCoreClock
    led.o(.text) refers to stm32f10x_rcc.o(.text) for RCC_APB2PeriphClockCmd
    led.o(.text) refers to stm32f10x_gpio.o(.text) for GPIO_Init
    key.o(.text) refers to stm32f10x_rcc.o(.text) for RCC_APB2PeriphClockCmd
    key.o(.text) refers to stm32f10x_gpio.o(.text) for GPIO_Init
    key.o(.text) refers to delay.o(.text) for delay_ms
    key.o(.text) refers to key.o(.data) for key_up
    lcd.o(.text) refers to _printf_percent.o(.ARM.Collect$$_printf_percent$$00000000) for _printf_percent
    lcd.o(.text) refers to _printf_x.o(.ARM.Collect$$_printf_percent$$0000000C) for _printf_x
    lcd.o(.text) refers to _printf_hex_int.o(.text) for _printf_longlong_hex
    lcd.o(.text) refers to delay.o(.text) for delay_us
    lcd.o(.text) refers to lcd.o(.bss) for lcddev
    lcd.o(.text) refers to lcd.o(.data) for POINT_COLOR
    lcd.o(.text) refers to dflt_clz.o(x$fpl$dfltu) for __aeabi_ui2d
    lcd.o(.text) refers to dmul.o(x$fpl$dmul) for __aeabi_dmul
    lcd.o(.text) refers to dfixu.o(x$fpl$dfixu) for __aeabi_d2uiz
    lcd.o(.text) refers to stm32f10x_rcc.o(.text) for RCC_AHBPeriphClockCmd
    lcd.o(.text) refers to stm32f10x_gpio.o(.text) for GPIO_Init
    lcd.o(.text) refers to stm32f10x_fsmc.o(.text) for FSMC_NORSRAMInit
    lcd.o(.text) refers to noretval__2printf.o(.text) for __2printf
    lcd.o(.text) refers to lcd.o(.constdata) for asc2_1206
    rtc.o(.text) refers to _printf_pad.o(.text) for _printf_pre_padding
    rtc.o(.text) refers to _printf_percent.o(.ARM.Collect$$_printf_percent$$00000000) for _printf_percent
    rtc.o(.text) refers to _printf_d.o(.ARM.Collect$$_printf_percent$$00000009) for _printf_d
    rtc.o(.text) refers to _printf_dec.o(.text) for _printf_int_dec
    rtc.o(.text) refers to misc.o(.text) for NVIC_Init
    rtc.o(.text) refers to stm32f10x_rcc.o(.text) for RCC_APB1PeriphClockCmd
    rtc.o(.text) refers to stm32f10x_pwr.o(.text) for PWR_BackupAccessCmd
    rtc.o(.text) refers to stm32f10x_bkp.o(.text) for BKP_ReadBackupRegister
    rtc.o(.text) refers to stm32f10x_rtc.o(.text) for RTC_WaitForSynchro
    rtc.o(.text) refers to dflt_clz.o(x$fpl$dfltu) for __aeabi_ui2d
    rtc.o(.text) refers to dflt_clz.o(x$fpl$dflt) for __aeabi_i2d
    rtc.o(.text) refers to dmul.o(x$fpl$dmul) for __aeabi_dmul
    rtc.o(.text) refers to daddsub_clz.o(x$fpl$dadd) for __aeabi_dadd
    rtc.o(.text) refers to daddsub_clz.o(x$fpl$dsub) for __aeabi_dsub
    rtc.o(.text) refers to dfixu.o(x$fpl$dfixu) for __aeabi_d2uiz
    rtc.o(.text) refers to pow.o(i.pow) for pow
    rtc.o(.text) refers to stm32f10x_usart.o(.text) for USART_GetFlagStatus
    rtc.o(.text) refers to rtc.o(.constdata) for MonthTable
    rtc.o(.text) refers to rt_memcpy_w.o(.text) for __aeabi_memcpy4
    rtc.o(.text) refers to noretval__2sprintf.o(.text) for __2sprintf
    rtc.o(.text) refers to lcd.o(.text) for LCD_ShowString
    rtc.o(.text) refers to noretval__2printf.o(.text) for __2printf
    rtc.o(.text) refers to rtc.o(.data) for day
    rtc.o(.text) refers to rtc.o(.conststring) for .conststring
    rtc.o(.text) refers to rtc.o(.bss) for calendar
    rtc.o(.constdata) refers to rtc.o(.conststring) for .conststring
    delay.o(.text) refers to misc.o(.text) for SysTick_CLKSourceConfig
    delay.o(.text) refers to system_stm32f10x.o(.data) for SystemCoreClock
    delay.o(.text) refers to delay.o(.data) for fac_us
    usart.o(.text) refers (Special) to use_no_semi_2.o(.text) for __use_no_semihosting
    usart.o(.text) refers to stm32f10x_rcc.o(.text) for RCC_APB2PeriphClockCmd
    usart.o(.text) refers to stm32f10x_gpio.o(.text) for GPIO_Init
    usart.o(.text) refers to misc.o(.text) for NVIC_Init
[...]
    ../clib/printf.c                         0x00000000   Number         0  _printf_char_common.o ABSOLUTE
    ../clib/printf.c                         0x00000000   Number         0  _printf_dec.o ABSOLUTE
    ../clib/printf.c                         0x00000000   Number         0  __printf_nopercent.o ABSOLUTE
    ../clib/printf.c                         0x00000000   Number         0  _printf_char_file.o ABSOLUTE
    ../clib/printf.c                         0x00000000   Number         0  _sputc.o ABSOLUTE
    ../clib/printf.c                         0x00000000   Number         0  _printf_pad.o ABSOLUTE
    ../clib/printf.c                         0x00000000   Number         0  _printf_hex_int_ptr.o ABSOLUTE
    ../clib/printf.c                         0x00000000   Number         0  __2printf.o ABSOLUTE
    ../clib/printf.c                         0x00000000   Number         0  __printf_flags_wp.o ABSOLUTE
    ../clib/printf_percent.s                 0x00000000   Number         0  _printf_percent_end.o ABSOLUTE
    ../clib/printf_percent.s                 0x00000000   Number         0  _printf_x.o ABSOLUTE
    ../clib/printf_percent.s                 0x00000000   Number         0  _printf_d.o ABSOLUTE
    ../clib/printf_percent.s                 0x00000000   Number         0  _printf_percent.o ABSOLUTE
    ../clib/signal.c                         0x00000000   Number         0  defsig_pvfn_inner.o ABSOLUTE
    ../clib/signal.c                         0x00000000   Number         0  defsig_stak_inner.o ABSOLUTE
    ../clib/signal.c                         0x00000000   Number         0  defsig_rtred_inner.o ABSOLUTE
    ../clib/signal.c                         0x00000000   Number         0  defsig_fpe_inner.o ABSOLUTE
    ../clib/signal.c                         0x00000000   Number         0  defsig_rtmem_inner.o ABSOLUTE
    ../clib/signal.c                         0x00000000   Number         0  defsig_abrt_inner.o ABSOLUTE
    ../clib/signal.c                         0x00000000   Number         0  defsig_general.o ABSOLUTE
    ../clib/signal.c                         0x00000000   Number         0  __raise.o ABSOLUTE
    ../clib/signal.c                         0x00000000   Number         0  defsig_exit.o ABSOLUTE
    ../clib/signal.c                         0x00000000   Number         0  defsig_rtmem_formal.o ABSOLUTE
    ../clib/signal.c                         0x00000000   Number         0  defsig_rtmem_outer.o ABSOLUTE
    ../clib/signal.c                         0x00000000   Number         0  defsig_segv_inner.o ABSOLUTE
    ../clib/signal.c                         0x00000000   Number         0  defsig_other.o ABSOLUTE
    ../clib/signal.c                         0x00000000   Number         0  defsig_cppl_inner.o ABSOLUTE
    ../clib/signal.s                         0x00000000   Number         0  defsig.o ABSOLUTE
    ../clib/stdio.c                          0x00000000   Number         0  ferror.o ABSOLUTE
    ../clib/stdio.c                          0x00000000   Number         0  ferror_locked.o ABSOLUTE
    ../clib/stdlib.c                         0x00000000   Number         0  exit.o ABSOLUTE
    ../fplib/daddsub.s                       0x00000000   Number         0  daddsub_clz.o ABSOLUTE
    ../fplib/dcheck1.s                       0x00000000   Number         0  dcheck1.o ABSOLUTE
    ../fplib/dcmpi.s                         0x00000000   Number         0  dcmpi.o ABSOLUTE
    ../fplib/ddiv.s                          0x00000000   Number         0  ddiv.o ABSOLUTE
    ../fplib/dfixu.s                         0x00000000   Number         0  dfixu.o ABSOLUTE
    ../fplib/dflt.s                          0x00000000   Number         0  dflt_clz.o ABSOLUTE
    ../fplib/dleqf.s                         0x00000000   Number         0  dleqf.o ABSOLUTE
    ../fplib/dmul.s                          0x00000000   Number         0  dmul.o ABSOLUTE
    ../fplib/dnaninf.s                       0x00000000   Number         0  dnaninf.o ABSOLUTE
    ../fplib/dretinf.s                       0x00000000   Number         0  dretinf.o ABSOLUTE
    ../fplib/drleqf.s                        0x00000000   Number         0  drleqf.o ABSOLUTE
    ../fplib/dsqrt.s                         0x00000000   Number         0  dsqrt_noumaal.o ABSOLUTE
    ../fplib/fpinit.s                        0x00000000   Number         0  fpinit.o ABSOLUTE
    ../fplib/retnan.s                        0x00000000   Number         0  retnan.o ABSOLUTE
    ../fplib/scalbn.s                        0x00000000   Number         0  scalbn.o ABSOLUTE
    ../fplib/trapv.s                         0x00000000   Number         0  trapv.o ABSOLUTE
    ../fplib/usenofp.s                       0x00000000   Number         0  usenofp.o ABSOLUTE
    ../mathlib/dunder.c                      0x00000000   Number         0  dunder.o ABSOLUTE
    ../mathlib/fpclassify.c                  0x00000000   Number         0  fpclassify.o ABSOLUTE
    ../mathlib/poly.c                        0x00000000   Number         0  poly.o ABSOLUTE
    ../mathlib/pow.c                         0x00000000   Number         0  pow.o ABSOLUTE
    ../mathlib/pow.c                         0x00000000   Number         0  pow_x.o ABSOLUTE
    ../mathlib/qnan.c                        0x00000000   Number         0  qnan.o ABSOLUTE
    ../mathlib/sqrt.c                        0x00000000   Number         0  sqrt_x.o ABSOLUTE
    ../mathlib/sqrt.c                        0x00000000   Number         0  sqrt.o ABSOLUTE
    ..\CORE\core_cm3.c                       0x00000000   Number         0  core_cm3.o ABSOLUTE
    ..\CORE\startup_stm32f10x_hd.s           0x00000000   Number         0  startup_stm32f10x_hd.o ABSOLUTE
    ..\HARDWARE\KEY\key.c                    0x00000000   Number         0  key.o ABSOLUTE
    ..\HARDWARE\LCD\lcd.c                    0x00000000   Number         0  lcd.o ABSOLUTE
    ..\HARDWARE\LED\led.c                    0x00000000   Number         0  led.o ABSOLUTE
    ..\HARDWARE\RTC\RTC.c                    0x00000000   Number         0  rtc.o ABSOLUTE
    ..\STM32F10x_FWLib\src\misc.c            0x00000000   Number         0  misc.o ABSOLUTE
    ..\STM32F10x_FWLib\src\stm32f10x_bkp.c   0x00000000   Number         0  stm32f10x_bkp.o ABSOLUTE
    ..\STM32F10x_FWLib\src\stm32f10x_fsmc.c  0x00000000   Number         0  stm32f10x_fsmc.o ABSOLUTE
    ..\STM32F10x_FWLib\src\stm32f10x_gpio.c  0x00000000   Number         0  stm32f10x_gpio.o ABSOLUTE
    ..\STM32F10x_FWLib\src\stm32f10x_pwr.c   0x00000000   Number         0  stm32f10x_pwr.o ABSOLUTE
    ..\STM32F10x_FWLib\src\stm32f10x_rcc.c   0x00000000   Number         0  stm32f10x_rcc.o ABSOLUTE
    ..\STM32F10x_FWLib\src\stm32f10x_rtc.c   0x00000000   Number         0  stm32f10x_rtc.o ABSOLUTE
    ..\STM32F10x_FWLib\src\stm32f10x_usart.c 0x00000000   Number         0  stm32f10x_usart.o ABSOLUTE
    ..\SYSTEM\delay\delay.c                  0x00000000   Number         0  delay.o ABSOLUTE
    ..\SYSTEM\sys\sys.c                      0x00000000   Number         0  sys.o ABSOLUTE
    ..\SYSTEM\usart\usart.c                  0x00000000   Number         0  usart.o ABSOLUTE
    ..\\CORE\\core_cm3.c                     0x00000000   Number         0  core_cm3.o ABSOLUTE
    ..\\SYSTEM\\sys\\sys.c                   0x00000000   Number         0  sys.o ABSOLUTE
    dc.s                                     0x00000000   Number         0  dc.o ABSOLUTE
    main.c                                   0x00000000   Number         0  main.o ABSOLUTE
    stm32f10x_it.c                           0x00000000   Number         0  stm32f10x_it.o ABSOLUTE
    system_stm32f10x.c                       0x00000000   Number         0  system_stm32f10x.o ABSOLUTE
    RESET                                    0x08000000   Section      304  startup_stm32f10x_hd.o(RESET)
    !!!main                                  0x08000130   Section        8  __main.o(!!!main)
    !!!scatter                               0x08000138   Section       52  __scatter.o(!!!scatter)
    !!handler_copy                           0x0800016c   Section       26  __scatter_copy.o(!!handler_copy)
    !!handler_zi                             0x08000188   Section       28  __scatter_zi.o(!!handler_zi)
    .ARM.Collect$$_printf_percent$$00000000  0x080001a4   Section        0  _printf_percent.o(.ARM.Collect$$_printf_percent$$00000000)
    .ARM.Collect$$_printf_percent$$00000009  0x080001a4   Section        6  _printf_d.o(.ARM.Collect$$_printf_percent$$00000009)
    .ARM.Collect$$_printf_percent$$0000000C  0x080001aa   Section        6  _printf_x.o(.ARM.Collect$$_printf_percent$$0000000C)
    .ARM.Collect$$_printf_percent$$00000017  0x080001b0   Section        4  _printf_percent_end.o(.ARM.Collect$$_printf_percent$$00000017)
    .ARM.Collect$$libinit$$00000000          0x080001b4   Section        2  libinit.o(.ARM.Collect$$libinit$$00000000)
    .ARM.Collect$$libinit$$00000002          0x080001b6   Section        0  libinit2.o(.ARM.Collect$$libinit$$00000002)
    .ARM.Collect$$libinit$$00000004          0x080001b6   Section        0  libinit2.o(.ARM.Collect$$libinit$$00000004)
    .ARM.Collect$$libinit$$0000000A          0x080001b6   Section        0  libinit2.o(.ARM.Collect$$libinit$$0000000A)
    .ARM.Collect$$libinit$$0000000C          0x080001b6   Section        0  libinit2.o(.ARM.Collect$$libinit$$0000000C)
    .ARM.Collect$$libinit$$0000000E          0x080001b6   Section        0  libinit2.o(.ARM.Collect$$libinit$$0000000E)
    .ARM.Collect$$libinit$$00000011          0x080001b6   Section        0  libinit2.o(.ARM.Collect$$libinit$$00000011)
    .ARM.Collect$$libinit$$00000013          0x080001b6   Section        0  libinit2.o(.ARM.Collect$$libinit$$00000013)
    .ARM.Collect$$libinit$$00000015          0x080001b6   Section        0  libinit2.o(.ARM.Collect$$libinit$$00000015)
    .ARM.Collect$$libinit$$00000017          0x080001b6   Section        0  libinit2.o(.ARM.Collect$$libinit$$00000017)
    .ARM.Collect$$libinit$$00000019          0x080001b6   Section        0  libinit2.o(.ARM.Collect$$libinit$$00000019)
    .ARM.Collect$$libinit$$0000001B          0x080001b6   Section        0  libinit2.o(.ARM.Collect$$libinit$$0000001B)
    .ARM.Collect$$libinit$$0000001D          0x080001b6   Section        0  libinit2.o(.ARM.Collect$$libinit$$0000001D)
    .ARM.Collect$$libinit$$0000001F          0x080001b6   Section        0  libinit2.o(.ARM.Collect$$libinit$$0000001F)
    .ARM.Collect$$libinit$$00000021          0x080001b6   Section        0  libinit2.o(.ARM.Collect$$libinit$$00000021)
    .ARM.Collect$$libinit$$00000023          0x080001b6   Section        0  libinit2.o(.ARM.Collect$$libinit$$00000023)
    .ARM.Collect$$libinit$$00000025          0x080001b6   Section        0  libinit2.o(.ARM.Collect$$libinit$$00000025)
    .ARM.Collect$$libinit$$0000002C          0x080001b6   Section        0  libinit2.o(.ARM.Collect$$libinit$$0000002C)
    .ARM.Collect$$libinit$$0000002E          0x080001b6   Section        0  libinit2.o(.ARM.Collect$$libinit$$0000002E)
    .ARM.Collect$$libinit$$00000030          0x080001b6   Section        0  libinit2.o(.ARM.Collect$$libinit$$00000030)
    .ARM.Collect$$libinit$$00000032          0x080001b6   Section        0  libinit2.o(.ARM.Collect$$libinit$$00000032)
    .ARM.Collect$$libinit$$00000033          0x080001b6   Section        2  libinit2.o(.ARM.Collect$$libinit$$00000033)
    .ARM.Collect$$libshutdown$$00000000      0x080001b8   Section        2  libshutdown.o(.ARM.Collect$$libshutdown$$00000000)
    .ARM.Collect$$libshutdown$$00000002      0x080001ba   Section        0  libshutdown2.o(.ARM.Collect$$libshutdown$$00000002)
    .ARM.Collect$$libshutdown$$00000004      0x080001ba   Section        0  libshutdown2.o(.ARM.Collect$$libshutdown$$00000004)
    .ARM.Collect$$libshutdown$$00000007      0x080001ba   Section        0  libshutdown2.o(.ARM.Collect$$libshutdown$$00000007)
    .ARM.Collect$$libshutdown$$0000000A      0x080001ba   Section        0  libshutdown2.o(.ARM.Collect$$libshutdown$$0000000A)
    .ARM.Collect$$libshutdown$$0000000C      0x080001ba   Section        0  libshutdown2.o(.ARM.Collect$$libshutdown$$0000000C)
    .ARM.Collect$$libshutdown$$0000000F      0x080001ba   Section        0  libshutdown2.o(.ARM.Collect$$libshutdown$$0000000F)
    .ARM.Collect$$libshutdown$$00000010      0x080001ba   Section        2  libshutdown2.o(.ARM.Collect$$libshutdown$$00000010)
    .ARM.Collect$$rtentry$$00000000          0x080001bc   Section        0  __rtentry.o(.ARM.Collect$$rtentry$$00000000)
    .ARM.Collect$$rtentry$$00000002          0x080001bc   Section        0  __rtentry2.o(.ARM.Collect$$rtentry$$00000002)
    .ARM.Collect$$rtentry$$00000004          0x080001bc   Section        6  __rtentry4.o(.ARM.Collect$$rtentry$$00000004)
    .ARM.Collect$$rtentry$$00000009          0x080001c2   Section        0  __rtentry2.o(.ARM.Collect$$rtentry$$00000009)
    .ARM.Collect$$rtentry$$0000000A          0x080001c2   Section        4  __rtentry2.o(.ARM.Collect$$rtentry$$0000000A)
    .ARM.Collect$$rtentry$$0000000C          0x080001c6   Section        0  __rtentry2.o(.ARM.Collect$$rtentry$$0000000C)
    .ARM.Collect$$rtentry$$0000000D          0x080001c6   Section        8  __rtentry2.o(.ARM.Collect$$rtentry$$0000000D)
    .ARM.Collect$$rtexit$$00000000           0x080001ce   Section        2  rtexit.o(.ARM.Collect$$rtexit$$00000000)
    .ARM.Collect$$rtexit$$00000002           0x080001d0   Section        0  rtexit2.o(.ARM.Collect$$rtexit$$00000002)
    .ARM.Collect$$rtexit$$00000003           0x080001d0   Section        4  rtexit2.o(.ARM.Collect$$rtexit$$00000003)
    .ARM.Collect$$rtexit$$00000004           0x080001d4   Section        6  rtexit2.o(.ARM.Collect$$rtexit$$00000004)
    .text                                    0x080001dc   Section        0  main.o(.text)
    .text                                    0x08000344   Section        0  stm32f10x_it.o(.text)
    .text                                    0x08000360   Section        0  system_stm32f10x.o(.text)
    SetSysClockTo72                          0x08000361   Thumb Code   214  system_stm32f10x.o(.text)
    SetSysClock                              0x08000437   Thumb Code     8  system_stm32f10x.o(.text)
    .text                                    0x08000540   Section        0  led.o(.text)
    .text                                    0x0800058c   Section        0  key.o(.text)
    .text                                    0x08000688   Section        0  lcd.o(.text)
    .text                                    0x080050e4   Section        0  rtc.o(.text)
    NVIC_RTC_Config                          0x080050e5   Thumb Code    30  rtc.o(.text)
    getWeek                                  0x080051bd   Thumb Code   198  rtc.o(.text)
    getYearType                              0x08005283   Thumb Code    50  rtc.o(.text)
    splitNumber                              0x080052b5   Thumb Code   114  rtc.o(.text)
    scanUserInput                            0x08005327   Thumb Code   356  rtc.o(.text)
    .text                                    0x08005a78   Section        0  delay.o(.text)
    .text                                    0x08005b4c   Section        0  usart.o(.text)
    .text                                    0x08005c0c   Section       64  startup_stm32f10x_hd.o(.text)
    .text                                    0x08005c4c   Section        0  misc.o(.text)
    .text                                    0x08005d28   Section        0  stm32f10x_fsmc.o(.text)
    .text                                    0x08006334   Section        0  stm32f10x_gpio.o(.text)
    .text                                    0x08006690   Section        0  stm32f10x_rcc.o(.text)
    .text                                    0x08006a34   Section        0  stm32f10x_usart.o(.text)
    .text                                    0x08006e3c   Section        0  stm32f10x_rtc.o(.text)
    .text                                    0x08006f84   Section        0  stm32f10x_bkp.o(.text)
    .text                                    0x08007048   Section        0  stm32f10x_pwr.o(.text)
    .text                                    0x08007114   Section        2  use_no_semi_2.o(.text)
    .text                                    0x08007118   Section        0  noretval__2printf.o(.text)
    .text                                    0x08007130   Section        0  noretval__2sprintf.o(.text)
    .text                                    0x08007158   Section        0  _printf_pad.o(.text)
    .text                                    0x080071a8   Section        0  _printf_dec.o(.text)
    .text                                    0x08007220   Section        0  _printf_hex_int.o(.text)
    .text                                    0x08007278   Section        0  __printf_flags_wp.o(.text)
    .text                                    0x080073b0   Section      100  rt_memcpy_w.o(.text)
    .text                                    0x08007414   Section        0  heapauxi.o(.text)
    .text                                    0x0800741a   Section        2  use_no_semi.o(.text)
    .text                                    0x0800741c   Section        0  _rserrno.o(.text)
    .text                                    0x08007432   Section        0  _printf_intcommon.o(.text)
    .text                                    0x080074e4   Section        0  _printf_char_common.o(.text)
    _printf_input_char                       0x080074e5   Thumb Code    10  _printf_char_common.o(.text)
    .text                                    0x08007514   Section        0  _sputc.o(.text)
    .text                                    0x08007520   Section        0  _printf_char_file.o(.text)
    .text                                    0x08007544   Section        8  rt_errno_addr_intlibspace.o(.text)
    .text                                    0x0800754c   Section        0  ferror.o(.text)
    .text                                    0x08007554   Section        8  libspace.o(.text)
    .text                                    0x0800755c   Section       74  sys_stackheap_outer.o(.text)
    .text                                    0x080075a6   Section        0  exit.o(.text)
    i.__ARM_fpclassify                       0x080075b8   Section        0  fpclassify.o(i.__ARM_fpclassify)
    i.__kernel_poly                          0x080075e0   Section        0  poly.o(i.__kernel_poly)
    i.__mathlib_dbl_divzero                  0x0800768c   Section        0  dunder.o(i.__mathlib_dbl_divzero)
    i.__mathlib_dbl_infnan2                  0x0800769c   Section        0  dunder.o(i.__mathlib_dbl_infnan2)
    i.__mathlib_dbl_invalid                  0x080076a0   Section        0  dunder.o(i.__mathlib_dbl_invalid)
    i.__mathlib_dbl_overflow                 0x080076ac   Section        0  dunder.o(i.__mathlib_dbl_overflow)
    i.__mathlib_dbl_underflow                0x080076bc   Section        0  dunder.o(i.__mathlib_dbl_underflow)
    i._is_digit                              0x080076cc   Section        0  __printf_wp.o(i._is_digit)
    i.pow                                    0x080076dc   Section        0  pow.o(i.pow)
    i.sqrt                                   0x080080b4   Section        0  sqrt.o(i.sqrt)
    x$fpl$dadd                               0x08008100   Section      336  daddsub_clz.o(x$fpl$dadd)
    _dadd1                                   0x08008111   Thumb Code     0  daddsub_clz.o(x$fpl$dadd)
    x$fpl$dcheck1                            0x08008250   Section       16  dcheck1.o(x$fpl$dcheck1)
    x$fpl$dcmpinf                            0x08008260   Section       24  dcmpi.o(x$fpl$dcmpinf)
    x$fpl$ddiv                               0x08008278   Section      688  ddiv.o(x$fpl$ddiv)
    ddiv_entry                               0x0800827f   Thumb Code     0  ddiv.o(x$fpl$ddiv)
    x$fpl$dfixu                              0x08008528   Section       90  dfixu.o(x$fpl$dfixu)
    x$fpl$dflt                               0x08008582   Section       46  dflt_clz.o(x$fpl$dflt)
    x$fpl$dfltu                              0x080085b0   Section       38  dflt_clz.o(x$fpl$dfltu)
    x$fpl$dleqf                              0x080085d8   Section      120  dleqf.o(x$fpl$dleqf)
    x$fpl$dmul                               0x08008650   Section      340  dmul.o(x$fpl$dmul)
    x$fpl$dnaninf                            0x080087a4   Section      156  dnaninf.o(x$fpl$dnaninf)
    x$fpl$dretinf                            0x08008840   Section       12  dretinf.o(x$fpl$dretinf)
    x$fpl$drleqf                             0x0800884c   Section      108  drleqf.o(x$fpl$drleqf)
    x$fpl$drsb                               0x080088b8   Section       22  daddsub_clz.o(x$fpl$drsb)
    x$fpl$dsqrt                              0x080088d0   Section      460  dsqrt_noumaal.o(x$fpl$dsqrt)
    x$fpl$dsub                               0x08008a9c   Section      468  daddsub_clz.o(x$fpl$dsub)
    _dsub1                                   0x08008aad   Thumb Code     0  daddsub_clz.o(x$fpl$dsub)
    x$fpl$retnan                             0x08008c70   Section      100  retnan.o(x$fpl$retnan)
    x$fpl$scalbn                             0x08008cd4   Section       92  scalbn.o(x$fpl$scalbn)
    x$fpl$trapveneer                         0x08008d30   Section       48  trapv.o(x$fpl$trapveneer)
    .constdata                               0x08008d60   Section     6080  lcd.o(.constdata)
    x$fpl$usenofp                            0x08008d60   Section        0  usenofp.o(x$fpl$usenofp)
    .constdata                               0x0800a520   Section       52  rtc.o(.constdata)
    .constdata                               0x0800a554   Section       40  _printf_hex_int.o(.constdata)
    uc_hextab                                0x0800a554   Data          20  _printf_hex_int.o(.constdata)
    lc_hextab                                0x0800a568   Data          20  _printf_hex_int.o(.constdata)
    .constdata                               0x0800a57c   Section       17  __printf_flags_wp.o(.constdata)
    maptable                                 0x0800a57c   Data          17  __printf_flags_wp.o(.constdata)
    .constdata                               0x0800a590   Section      136  pow.o(.constdata)
    bp                                       0x0800a590   Data          16  pow.o(.constdata)
    dp_h                                     0x0800a5a0   Data          16  pow.o(.constdata)
    dp_l                                     0x0800a5b0   Data          16  pow.o(.constdata)
    L                                        0x0800a5c0   Data          48  pow.o(.constdata)
    P                                        0x0800a5f0   Data          40  pow.o(.constdata)
    .constdata                               0x0800a618   Section        8  qnan.o(.constdata)
    .conststring                             0x0800a620   Section      189  rtc.o(.conststring)
    .data                                    0x20000000   Section       20  system_stm32f10x.o(.data)
    .data                                    0x20000014   Section        1  key.o(.data)
    key_up                                   0x20000014   Data           1  key.o(.data)
    .data                                    0x20000016   Section        4  lcd.o(.data)
    .data                                    0x2000001a   Section        1  rtc.o(.data)
    day                                      0x2000001a   Data           1  rtc.o(.data)
    .data                                    0x2000001c   Section        4  delay.o(.data)
    fac_us                                   0x2000001c   Data           1  delay.o(.data)
    fac_ms                                   0x2000001e   Data           2  delay.o(.data)
    .data                                    0x20000020   Section        6  usart.o(.data)
    .data                                    0x20000026   Section       20  stm32f10x_rcc.o(.data)
    APBAHBPrescTable                         0x20000026   Data          16  stm32f10x_rcc.o(.data)
    ADCPrescTable                            0x20000036   Data           4  stm32f10x_rcc.o(.data)
    .bss                                     0x2000003c   Section       14  lcd.o(.bss)
    .bss                                     0x2000004a   Section       12  rtc.o(.bss)
    .bss                                     0x20000058   Section       96  libspace.o(.bss)
    HEAP                                     0x200000b8   Section      512  startup_stm32f10x_hd.o(HEAP)
    Heap_Mem                                 0x200000b8   Data         512  startup_stm32f10x_hd.o(HEAP)
    STACK                                    0x200002b8   Section     1024  startup_stm32f10x_hd.o(STACK)
    Stack_Mem                                0x200002b8   Data        1024  startup_stm32f10x_hd.o(STACK)
    __initial_sp                             0x200006b8   Data           0  startup_stm32f10x_hd.o(STACK)

    Global Symbols

    Symbol Name                              Value     Ov Type        Size  Object(Section)

    BuildAttributes$$THM_ISAv4$P$D$K$B$S$PE$A:L22UL41UL21$X:L11$S22US41US21$IEEE1$IW$USESV6$~STKCKD$USESV7$~SHL$OTIME$ROPI$IEEEX$EBA8$UX$STANDARDLIB$REQ8$PRES8$EABIv2 0x00000000   Number         0  anon$$obj.o ABSOLUTE
    __ARM_use_no_argv                        0x00000000   Number         0  main.o ABSOLUTE
    _printf_flags                            0x00000000   Number         0  printf_stubs.o ABSOLUTE
    _printf_return_value                     0x00000000   Number         0  printf_stubs.o ABSOLUTE
    _printf_sizespec                         0x00000000   Number         0  printf_stubs.o ABSOLUTE
    _printf_widthprec                        0x00000000   Number         0  printf_stubs.o ABSOLUTE
    __ARM_exceptions_init                     - Undefined Weak Reference
    __alloca_initialize                       - Undefined Weak Reference
    __arm_preinit_                            - Undefined Weak Reference
    __cpp_initialize__aeabi_                  - Undefined Weak Reference
    __cxa_finalize                            - Undefined Weak Reference
    __rt_locale                               - Undefined Weak Reference
    __sigvec_lookup                           - Undefined Weak Reference
    _atexit_init                              - Undefined Weak Reference
    _call_atexit_fns                          - Undefined Weak Reference
    _clock_init                               - Undefined Weak Reference
    _fp_trap_init                             - Undefined Weak Reference
    _fp_trap_shutdown                         - Undefined Weak Reference
    _get_lc_collate                           - Undefined Weak Reference
    _get_lc_ctype                             - Undefined Weak Reference
    _get_lc_monetary                          - Undefined Weak Reference
    _get_lc_numeric                           - Undefined Weak Reference
    _get_lc_time                              - Undefined Weak Reference
    _getenv_init                              - Undefined Weak Reference
    _handle_redirection                       - Undefined Weak Reference
    _init_alloc                               - Undefined Weak Reference
    _init_user_alloc                          - Undefined Weak Reference
    _initio                                   - Undefined Weak Reference
    _mutex_acquire                            - Undefined Weak Reference
    _mutex_release                            - Undefined Weak Reference
    _printf_truncate_signed                   - Undefined Weak Reference
    _printf_truncate_unsigned                 - Undefined Weak Reference
    _rand_init                                - Undefined Weak Reference
    _signal_finish                            - Undefined Weak Reference
    _signal_init                              - Undefined Weak Reference
    _terminate_alloc                          - Undefined Weak Reference
    _terminate_user_alloc                     - Undefined Weak Reference
    _terminateio                              - Undefined Weak Reference
    __Vectors_Size                           0x00000130   Number         0  startup_stm32f10x_hd.o ABSOLUTE
    __Vectors                                0x08000000   Data           4  startup_stm32f10x_hd.o(RESET)
    __Vectors_End                            0x08000130   Data           0  startup_stm32f10x_hd.o(RESET)
    __main                                   0x08000131   Thumb Code     8  __main.o(!!!main)
    __scatterload                            0x08000139   Thumb Code     0  __scatter.o(!!!scatter)
    __scatterload_rt2                        0x08000139   Thumb Code    44  __scatter.o(!!!scatter)
    __scatterload_rt2_thumb_only             0x08000139   Thumb Code     0  __scatter.o(!!!scatter)
    __scatterload_null                       0x08000147   Thumb Code     0  __scatter.o(!!!scatter)
    __scatterload_copy                       0x0800016d   Thumb Code    26  __scatter_copy.o(!!handler_copy)
    __scatterload_zeroinit                   0x08000189   Thumb Code    28  __scatter_zi.o(!!handler_zi)
    _printf_d                                0x080001a5   Thumb Code     0  _printf_d.o(.ARM.Collect$$_printf_percent$$00000009)
    _printf_percent                          0x080001a5   Thumb Code     0  _printf_percent.o(.ARM.Collect$$_printf_percent$$00000000)
    _printf_x                                0x080001ab   Thumb Code     0  _printf_x.o(.ARM.Collect$$_printf_percent$$0000000C)
    _printf_percent_end                      0x080001b1   Thumb Code     0  _printf_percent_end.o(.ARM.Collect$$_printf_percent$$00000017)
    __rt_lib_init                            0x080001b5   Thumb Code     0  libinit.o(.ARM.Collect$$libinit$$00000000)
    __rt_lib_init_alloca_1                   0x080001b7   Thumb Code     0  libinit2.o(.ARM.Collect$$libinit$$0000002E)
    __rt_lib_init_argv_1                     0x080001b7   Thumb Code     0  libinit2.o(.ARM.Collect$$libinit$$0000002C)
    __rt_lib_init_atexit_1                   0x080001b7   Thumb Code     0  libinit2.o(.ARM.Collect$$libinit$$0000001B)
    __rt_lib_init_clock_1                    0x080001b7   Thumb Code     0  libinit2.o(.ARM.Collect$$libinit$$00000021)
    __rt_lib_init_cpp_1                      0x080001b7   Thumb Code     0  libinit2.o(.ARM.Collect$$libinit$$00000032)
    __rt_lib_init_exceptions_1               0x080001b7   Thumb Code     0  libinit2.o(.ARM.Collect$$libinit$$00000030)
    __rt_lib_init_fp_1                       0x080001b7   Thumb Code     0  libinit2.o(.ARM.Collect$$libinit$$00000002)
    __rt_lib_init_fp_trap_1                  0x080001b7   Thumb Code     0  libinit2.o(.ARM.Collect$$libinit$$0000001F)
    __rt_lib_init_getenv_1                   0x080001b7   Thumb Code     0  libinit2.o(.ARM.Collect$$libinit$$00000023)
    __rt_lib_init_heap_1                     0x080001b7   Thumb Code     0  libinit2.o(.ARM.Collect$$libinit$$0000000A)
    __rt_lib_init_lc_collate_1               0x080001b7   Thumb Code     0  libinit2.o(.ARM.Collect$$libinit$$00000011)
    __rt_lib_init_lc_ctype_1                 0x080001b7   Thumb Code     0  libinit2.o(.ARM.Collect$$libinit$$00000013)
    __rt_lib_init_lc_monetary_1              0x080001b7   Thumb Code     0  libinit2.o(.ARM.Collect$$libinit$$00000015)
    __rt_lib_init_lc_numeric_1               0x080001b7   Thumb Code     0  libinit2.o(.ARM.Collect$$libinit$$00000017)
    __rt_lib_init_lc_time_1                  0x080001b7   Thumb Code     0  libinit2.o(.ARM.Collect$$libinit$$00000019)
    __rt_lib_init_preinit_1                  0x080001b7   Thumb Code     0  libinit2.o(.ARM.Collect$$libinit$$00000004)
    __rt_lib_init_rand_1                     0x080001b7   Thumb Code     0  libinit2.o(.ARM.Collect$$libinit$$0000000E)
    __rt_lib_init_return                     0x080001b7   Thumb Code     0  libinit2.o(.ARM.Collect$$libinit$$00000033)
    __rt_lib_init_signal_1                   0x080001b7   Thumb Code     0  libinit2.o(.ARM.Collect$$libinit$$0000001D)
    __rt_lib_init_stdio_1                    0x080001b7   Thumb Code     0  libinit2.o(.ARM.Collect$$libinit$$00000025)
    __rt_lib_init_user_alloc_1               0x080001b7   Thumb Code     0  libinit2.o(.ARM.Collect$$libinit$$0000000C)
    __rt_lib_shutdown                        0x080001b9   Thumb Code     0  libshutdown.o(.ARM.Collect$$libshutdown$$00000000)
    __rt_lib_shutdown_cpp_1                  0x080001bb   Thumb Code     0  libshutdown2.o(.ARM.Collect$$libshutdown$$00000002)
    __rt_lib_shutdown_fp_trap_1              0x080001bb   Thumb Code     0  libshutdown2.o(.ARM.Collect$$libshutdown$$00000007)
    __rt_lib_shutdown_heap_1                 0x080001bb   Thumb Code     0  libshutdown2.o(.ARM.Collect$$libshutdown$$0000000F)
    __rt_lib_shutdown_return                 0x080001bb   Thumb Code     0  libshutdown2.o(.ARM.Collect$$libshutdown$$00000010)
    __rt_lib_shutdown_signal_1               0x080001bb   Thumb Code     0  libshutdown2.o(.ARM.Collect$$libshutdown$$0000000A)
    __rt_lib_shutdown_stdio_1                0x080001bb   Thumb Code     0  libshutdown2.o(.ARM.Collect$$libshutdown$$00000004)
    __rt_lib_shutdown_user_alloc_1           0x080001bb   Thumb Code     0  libshutdown2.o(.ARM.Collect$$libshutdown$$0000000C)
    __rt_entry                               0x080001bd   Thumb Code     0  __rtentry.o(.ARM.Collect$$rtentry$$00000000)
    __rt_entry_presh_1                       0x080001bd   Thumb Code     0  __rtentry2.o(.ARM.Collect$$rtentry$$00000002)
    __rt_entry_sh                            0x080001bd   Thumb Code     0  __rtentry4.o(.ARM.Collect$$rtentry$$00000004)
    __rt_entry_li                            0x080001c3   Thumb Code     0  __rtentry2.o(.ARM.Collect$$rtentry$$0000000A)
    __rt_entry_postsh_1                      0x080001c3   Thumb Code     0  __rtentry2.o(.ARM.Collect$$rtentry$$00000009)
    __rt_entry_main                          0x080001c7   Thumb Code     0  __rtentry2.o(.ARM.Collect$$rtentry$$0000000D)
    __rt_entry_postli_1                      0x080001c7   Thumb Code     0  __rtentry2.o(.ARM.Collect$$rtentry$$0000000C)
    __rt_exit                                0x080001cf   Thumb Code     0  rtexit.o(.ARM.Collect$$rtexit$$00000000)
    __rt_exit_ls                             0x080001d1   Thumb Code     0  rtexit2.o(.ARM.Collect$$rtexit$$00000003)
    __rt_exit_prels_1                        0x080001d1   Thumb Code     0  rtexit2.o(.ARM.Collect$$rtexit$$00000002)
    __rt_exit_exit                           0x080001d5   Thumb Code     0  rtexit2.o(.ARM.Collect$$rtexit$$00000004)
    main                                     0x080001dd   Thumb Code   258  main.o(.text)
    NMI_Handler                              0x08000345   Thumb Code     2  stm32f10x_it.o(.text)
    HardFault_Handler                        0x08000347   Thumb Code     4  stm32f10x_it.o(.text)
    MemManage_Handler                        0x0800034b   Thumb Code     4  stm32f10x_it.o(.text)
    BusFault_Handler                         0x0800034f   Thumb Code     4  stm32f10x_it.o(.text)
    UsageFault_Handler                       0x08000353   Thumb Code     4  stm32f10x_it.o(.text)
    SVC_Handler                              0x08000357   Thumb Code     2  stm32f10x_it.o(.text)
    DebugMon_Handler                         0x08000359   Thumb Code     2  stm32f10x_it.o(.text)
    PendSV_Handler                           0x0800035b   Thumb Code     2  stm32f10x_it.o(.text)
    SysTick_Handler                          0x0800035d   Thumb Code     2  stm32f10x_it.o(.text)
    SystemInit                               0x0800043f   Thumb Code    78  system_stm32f10x.o(.text)
    SystemCoreClockUpdate                    0x0800048d   Thumb Code   142  system_stm32f10x.o(.text)
    LED_Init                                 0x08000541   Thumb Code    68  led.o(.text)
    KEY_Init                                 0x0800058d   Thumb Code    52  key.o(.text)
    KEY_Scan                                 0x080005c1   Thumb Code   188  key.o(.text)
    LCD_WR_REG                               0x08000689   Thumb Code     6  lcd.o(.text)
    LCD_WR_DATA                              0x0800068f   Thumb Code     8  lcd.o(.text)
    LCD_RD_DATA                              0x08000697   Thumb Code    16  lcd.o(.text)
    LCD_WriteReg                             0x080006a7   Thumb Code    10  lcd.o(.text)
    LCD_ReadReg                              0x080006b1   Thumb Code    22  lcd.o(.text)
    LCD_WriteRAM_Prepare                     0x080006c7   Thumb Code    10  lcd.o(.text)
    LCD_WriteRAM                             0x080006d1   Thumb Code     8  lcd.o(.text)
    LCD_BGR2RGB                              0x080006d9   Thumb Code    26  lcd.o(.text)
    opt_delay                                0x080006f3   Thumb Code    14  lcd.o(.text)
    LCD_SetCursor                            0x08000701   Thumb Code   418  lcd.o(.text)
    LCD_ReadPoint                            0x080008a3   Thumb Code   360  lcd.o(.text)
    LCD_DisplayOn                            0x08000a0b   Thumb Code   102  lcd.o(.text)
    LCD_DisplayOff                           0x08000a71   Thumb Code    90  lcd.o(.text)
    LCD_Scan_Dir                             0x08000acb   Thumb Code   744  lcd.o(.text)
    LCD_DrawPoint                            0x08000db3   Thumb Code    28  lcd.o(.text)
    LCD_Fast_DrawPoint                       0x08000dcf   Thumb Code   384  lcd.o(.text)
    LCD_SSD_BackLightSet                     0x08000f4f   Thumb Code    80  lcd.o(.text)
    LCD_Display_Dir                          0x08000f9f   Thumb Code   444  lcd.o(.text)
    LCD_Set_Window                           0x0800115b   Thumb Code   540  lcd.o(.text)
    LCD_Clear                                0x08001377   Thumb Code   100  lcd.o(.text)
    LCD_Init                                 0x080013db   Thumb Code 14190  lcd.o(.text)
    LCD_Fill                                 0x08004b49   Thumb Code   178  lcd.o(.text)
    LCD_Color_Fill                           0x08004bfb   Thumb Code   106  lcd.o(.text)
    LCD_DrawLine                             0x08004c65   Thumb Code   176  lcd.o(.text)
    LCD_DrawRectangle                        0x08004d15   Thumb Code    60  lcd.o(.text)
    LCD_Draw_Circle                          0x08004d51   Thumb Code   152  lcd.o(.text)
    LCD_ShowChar                             0x08004de9   Thumb Code   272  lcd.o(.text)
    LCD_Pow                                  0x08004ef9   Thumb Code    22  lcd.o(.text)
    LCD_ShowNum                              0x08004f0f   Thumb Code   148  lcd.o(.text)
    LCD_ShowxNum                             0x08004fa3   Thumb Code   220  lcd.o(.text)
    LCD_ShowString                           0x0800507f   Thumb Code   102  lcd.o(.text)
    initRTC                                  0x08005103   Thumb Code   138  rtc.o(.text)
    getRTCConter                             0x0800518d   Thumb Code     8  rtc.o(.text)
    setRTCConter                             0x08005195   Thumb Code    20  rtc.o(.text)
    setRTCAlarmConter                        0x080051a9   Thumb Code    20  rtc.o(.text)
    setCalendar                              0x0800548b   Thumb Code   274  rtc.o(.text)
    getCalendar                              0x0800559d   Thumb Code   334  rtc.o(.text)
    setAlarm                                 0x080056eb   Thumb Code   212  rtc.o(.text)
    updateAlarm                              0x080057bf   Thumb Code    52  rtc.o(.text)
    enableAlarm                              0x080057f3   Thumb Code    18  rtc.o(.text)
    showCalendar                             0x08005805   Thumb Code   292  rtc.o(.text)
    configMode                               0x08005929   Thumb Code    92  rtc.o(.text)
    RTC_IRQHandler                           0x08005985   Thumb Code    54  rtc.o(.text)
    delay_init                               0x08005a79   Thumb Code    50  delay.o(.text)
    delay_us                                 0x08005aab   Thumb Code    72  delay.o(.text)
    delay_ms                                 0x08005af3   Thumb Code    72  delay.o(.text)
    _sys_exit                                0x08005b4d   Thumb Code     6  usart.o(.text)
    fputc                                    0x08005b53   Thumb Code    24  usart.o(.text)
    uart_init                                0x08005b6b   Thumb Code   140  usart.o(.text)
    USART1_IRQHandler                        0x08005bf7   Thumb Code    14  usart.o(.text)
    Reset_Handler                            0x08005c0d   Thumb Code     8  startup_stm32f10x_hd.o(.text)
    ADC1_2_IRQHandler                        0x08005c27   Thumb Code     0  startup_stm32f10x_hd.o(.text)
    ADC3_IRQHandler                          0x08005c27   Thumb Code     0  startup_stm32f10x_hd.o(.text)
    CAN1_RX1_IRQHandler                      0x08005c27   Thumb Code     0  startup_stm32f10x_hd.o(.text)
    CAN1_SCE_IRQHandler                      0x08005c27   Thumb Code     0  startup_stm32f10x_hd.o(.text)
    DMA1_Channel1_IRQHandler                 0x08005c27   Thumb Code     0  startup_stm32f10x_hd.o(.text)
    DMA1_Channel2_IRQHandler                 0x08005c27   Thumb Code     0  startup_stm32f10x_hd.o(.text)
    DMA1_Channel3_IRQHandler                 0x08005c27   Thumb Code     0  startup_stm32f10x_hd.o(.text)
    DMA1_Channel4_IRQHandler                 0x08005c27   Thumb Code     0  startup_stm32f10x_hd.o(.text)
    DMA1_Channel5_IRQHandler                 0x08005c27   Thumb Code     0  startup_stm32f10x_hd.o(.text)
    DMA1_Channel6_IRQHandler                 0x08005c27   Thumb Code     0  startup_stm32f10x_hd.o(.text)
    DMA1_Channel7_IRQHandler                 0x08005c27   Thumb Code     0  startup_stm32f10x_hd.o(.text)
    DMA2_Channel1_IRQHandler                 0x08005c27   Thumb Code     0  startup_stm32f10x_hd.o(.text)
    DMA2_Channel2_IRQHandler                 0x08005c27   Thumb Code     0  startup_stm32f10x_hd.o(.text)
    DMA2_Channel3_IRQHandler                 0x08005c27   Thumb Code     0  startup_stm32f10x_hd.o(.text)
    DMA2_Channel4_5_IRQHandler               0x08005c27   Thumb Code     0  startup_stm32f10x_hd.o(.text)
    EXTI0_IRQHandler                         0x08005c27   Thumb Code     0  startup_stm32f10x_hd.o(.text)
    EXTI15_10_IRQHandler                     0x08005c27   Thumb Code     0  startup_stm32f10x_hd.o(.text)
    EXTI1_IRQHandler                         0x08005c27   Thumb Code     0  startup_stm32f10x_hd.o(.text)
    EXTI2_IRQHandler                         0x08005c27   Thumb Code     0  startup_stm32f10x_hd.o(.text)
    EXTI3_IRQHandler                         0x08005c27   Thumb Code     0  startup_stm32f10x_hd.o(.text)
    EXTI4_IRQHandler                         0x08005c27   Thumb Code     0  startup_stm32f10x_hd.o(.text)
    EXTI9_5_IRQHandler                       0x08005c27   Thumb Code     0  startup_stm32f10x_hd.o(.text)
    FLASH_IRQHandler                         0x08005c27   Thumb Code     0  startup_stm32f10x_hd.o(.text)
    FSMC_IRQHandler                          0x08005c27   Thumb Code     0  startup_stm32f10x_hd.o(.text)
    I2C1_ER_IRQHandler                       0x08005c27   Thumb Code     0  startup_stm32f10x_hd.o(.text)
    I2C1_EV_IRQHandler                       0x08005c27   Thumb Code     0  startup_stm32f10x_hd.o(.text)
    I2C2_ER_IRQHandler                       0x08005c27   Thumb Code     0  startup_stm32f10x_hd.o(.text)
    I2C2_EV_IRQHandler                       0x08005c27   Thumb Code     0  startup_stm32f10x_hd.o(.text)
    PVD_IRQHandler                           0x08005c27   Thumb Code     0  startup_stm32f10x_hd.o(.text)
    RCC_IRQHandler                           0x08005c27   Thumb Code     0  startup_stm32f10x_hd.o(.text)
    RTCAlarm_IRQHandler                      0x08005c27   Thumb Code     0  startup_stm32f10x_hd.o(.text)
    SDIO_IRQHandler                          0x08005c27   Thumb Code     0  startup_stm32f10x_hd.o(.text)
    SPI1_IRQHandler                          0x08005c27   Thumb Code     0  startup_stm32f10x_hd.o(.text)
    SPI2_IRQHandler                          0x08005c27   Thumb Code     0  startup_stm32f10x_hd.o(.text)
    SPI3_IRQHandler                          0x08005c27   Thumb Code     0  startup_stm32f10x_hd.o(.text)
    TAMPER_IRQHandler                        0x08005c27   Thumb Code     0  startup_stm32f10x_hd.o(.text)
    TIM1_BRK_IRQHandler                      0x08005c27   Thumb Code     0  startup_stm32f10x_hd.o(.text)
    TIM1_CC_IRQHandler                       0x08005c27   Thumb Code     0  startup_stm32f10x_hd.o(.text)
    TIM1_TRG_COM_IRQHandler                  0x08005c27   Thumb Code     0  startup_stm32f10x_hd.o(.text)
    TIM1_UP_IRQHandler                       0x08005c27   Thumb Code     0  startup_stm32f10x_hd.o(.text)
    TIM2_IRQHandler                          0x08005c27   Thumb Code     0  startup_stm32f10x_hd.o(.text)
    TIM3_IRQHandler                          0x08005c27   Thumb Code     0  startup_stm32f10x_hd.o(.text)
    TIM4_IRQHandler                          0x08005c27   Thumb Code     0  startup_stm32f10x_hd.o(.text)
    TIM5_IRQHandler                          0x08005c27   Thumb Code     0  startup_stm32f10x_hd.o(.text)
    TIM6_IRQHandler                          0x08005c27   Thumb Code     0  startup_stm32f10x_hd.o(.text)
    TIM7_IRQHandler                          0x08005c27   Thumb Code     0  startup_stm32f10x_hd.o(.text)
    TIM8_BRK_IRQHandler                      0x08005c27   Thumb Code     0  startup_stm32f10x_hd.o(.text)
    TIM8_CC_IRQHandler                       0x08005c27   Thumb Code     0  startup_stm32f10x_hd.o(.text)
    TIM8_TRG_COM_IRQHandler                  0x08005c27   Thumb Code     0  startup_stm32f10x_hd.o(.text)
    TIM8_UP_IRQHandler                       0x08005c27   Thumb Code     0  startup_stm32f10x_hd.o(.text)
    UART4_IRQHandler                         0x08005c27   Thumb Code     0  startup_stm32f10x_hd.o(.text)
    UART5_IRQHandler                         0x08005c27   Thumb Code     0  startup_stm32f10x_hd.o(.text)
    USART2_IRQHandler                        0x08005c27   Thumb Code     0  startup_stm32f10x_hd.o(.text)
    USART3_IRQHandler                        0x08005c27   Thumb Code     0  startup_stm32f10x_hd.o(.text)
    USBWakeUp_IRQHandler                     0x08005c27   Thumb Code     0  startup_stm32f10x_hd.o(.text)
    USB_HP_CAN1_TX_IRQHandler                0x08005c27   Thumb Code     0  startup_stm32f10x_hd.o(.text)
    USB_LP_CAN1_RX0_IRQHandler               0x08005c27   Thumb Code     0  startup_stm32f10x_hd.o(.text)
    WWDG_IRQHandler                          0x08005c27   Thumb Code     0  startup_stm32f10x_hd.o(.text)
    __user_initial_stackheap                 0x08005c29   Thumb Code     0  startup_stm32f10x_hd.o(.text)
    NVIC_PriorityGroupConfig                 0x08005c4d   Thumb Code    10  misc.o(.text)
    NVIC_Init                                0x08005c57   Thumb Code   100  misc.o(.text)
    NVIC_SetVectorTable                      0x08005cbb   Thumb Code    14  misc.o(.text)
    NVIC_SystemLPConfig                      0x08005cc9   Thumb Code    34  misc.o(.text)
    SysTick_CLKSourceConfig                  0x08005ceb   Thumb Code    40  misc.o(.text)
    FSMC_NORSRAMDeInit                       0x08005d29   Thumb Code    54  stm32f10x_fsmc.o(.text)
    FSMC_NANDDeInit                          0x08005d5f   Thumb Code    62  stm32f10x_fsmc.o(.text)
    FSMC_PCCARDDeInit                        0x08005d9d   Thumb Code    36  stm32f10x_fsmc.o(.text)
    FSMC_NORSRAMInit                         0x08005dc1   Thumb Code   230  stm32f10x_fsmc.o(.text)
    FSMC_NANDInit                            0x08005ea7   Thumb Code   132  stm32f10x_fsmc.o(.text)
    FSMC_PCCARDInit                          0x08005f2b   Thumb Code   130  stm32f10x_fsmc.o(.text)
    FSMC_NORSRAMStructInit                   0x08005fad   Thumb Code   114  stm32f10x_fsmc.o(.text)
    FSMC_NANDStructInit                      0x0800601f   Thumb Code    54  stm32f10x_fsmc.o(.text)
    FSMC_PCCARDStructInit                    0x08006055   Thumb Code    60  stm32f10x_fsmc.o(.text)
    FSMC_NORSRAMCmd                          0x08006091   Thumb Code    46  stm32f10x_fsmc.o(.text)
    FSMC_NANDCmd                             0x080060bf   Thumb Code    86  stm32f10x_fsmc.o(.text)
    FSMC_PCCARDCmd                           0x08006115   Thumb Code    44  stm32f10x_fsmc.o(.text)
    FSMC_NANDECCCmd                          0x08006141   Thumb Code    90  stm32f10x_fsmc.o(.text)
    FSMC_GetECC                              0x0800619b   Thumb Code    24  stm32f10x_fsmc.o(.text)
    FSMC_ITConfig                            0x080061b3   Thumb Code   128  stm32f10x_fsmc.o(.text)
    FSMC_GetFlagStatus                       0x08006233   Thumb Code    54  stm32f10x_fsmc.o(.text)
    FSMC_ClearFlag                           0x08006269   Thumb Code    62  stm32f10x_fsmc.o(.text)
    FSMC_GetITStatus                         0x080062a7   Thumb Code    64  stm32f10x_fsmc.o(.text)
    FSMC_ClearITPendingBit                   0x080062e7   Thumb Code    68  stm32f10x_fsmc.o(.text)
    GPIO_DeInit                              0x08006335   Thumb Code   172  stm32f10x_gpio.o(.text)
    GPIO_AFIODeInit                          0x080063e1   Thumb Code    20  stm32f10x_gpio.o(.text)
    GPIO_Init                                0x080063f5   Thumb Code   278  stm32f10x_gpio.o(.text)
    GPIO_StructInit                          0x0800650b   Thumb Code    16  stm32f10x_gpio.o(.text)
    GPIO_ReadInputDataBit                    0x0800651b   Thumb Code    18  stm32f10x_gpio.o(.text)
    GPIO_ReadInputData                       0x0800652d   Thumb Code     8  stm32f10x_gpio.o(.text)
    GPIO_ReadOutputDataBit                   0x08006535   Thumb Code    18  stm32f10x_gpio.o(.text)
    GPIO_ReadOutputData                      0x08006547   Thumb Code     8  stm32f10x_gpio.o(.text)
    GPIO_SetBits                             0x0800654f   Thumb Code     4  stm32f10x_gpio.o(.text)
    GPIO_ResetBits                           0x08006553   Thumb Code     4  stm32f10x_gpio.o(.text)
    GPIO_WriteBit                            0x08006557   Thumb Code    10  stm32f10x_gpio.o(.text)
    GPIO_Write                               0x08006561   Thumb Code     4  stm32f10x_gpio.o(.text)
    GPIO_PinLockConfig                       0x08006565   Thumb Code    18  stm32f10x_gpio.o(.text)
    GPIO_EventOutputConfig                   0x08006577   Thumb Code    26  stm32f10x_gpio.o(.text)
    GPIO_EventOutputCmd                      0x08006591   Thumb Code     6  stm32f10x_gpio.o(.text)
    GPIO_PinRemapConfig                      0x08006597   Thumb Code   138  stm32f10x_gpio.o(.text)
    GPIO_EXTILineConfig                      0x08006621   Thumb Code    66  stm32f10x_gpio.o(.text)
    GPIO_ETH_MediaInterfaceConfig            0x08006663   Thumb Code     8  stm32f10x_gpio.o(.text)
    RCC_DeInit                               0x08006691   Thumb Code    64  stm32f10x_rcc.o(.text)
    RCC_HSEConfig                            0x080066d1   Thumb Code    70  stm32f10x_rcc.o(.text)
    RCC_GetFlagStatus                        0x08006717   Thumb Code    56  stm32f10x_rcc.o(.text)
    RCC_WaitForHSEStartUp                    0x0800674f   Thumb Code    56  stm32f10x_rcc.o(.text)
    RCC_AdjustHSICalibrationValue            0x08006787   Thumb Code    20  stm32f10x_rcc.o(.text)
    RCC_HSICmd                               0x0800679b   Thumb Code     6  stm32f10x_rcc.o(.text)
    RCC_PLLConfig                            0x080067a1   Thumb Code    24  stm32f10x_rcc.o(.text)
    RCC_PLLCmd                               0x080067b9   Thumb Code     6  stm32f10x_rcc.o(.text)
    RCC_SYSCLKConfig                         0x080067bf   Thumb Code    18  stm32f10x_rcc.o(.text)
    RCC_GetSYSCLKSource                      0x080067d1   Thumb Code    10  stm32f10x_rcc.o(.text)
    RCC_HCLKConfig                           0x080067db   Thumb Code    18  stm32f10x_rcc.o(.text)
    RCC_PCLK1Config                          0x080067ed   Thumb Code    18  stm32f10x_rcc.o(.text)
    RCC_PCLK2Config                          0x080067ff   Thumb Code    20  stm32f10x_rcc.o(.text)
    RCC_ITConfig                             0x08006813   Thumb Code    26  stm32f10x_rcc.o(.text)
    RCC_USBCLKConfig                         0x0800682d   Thumb Code     8  stm32f10x_rcc.o(.text)
    RCC_ADCCLKConfig                         0x08006835   Thumb Code    18  stm32f10x_rcc.o(.text)
    RCC_LSEConfig                            0x08006847   Thumb Code    50  stm32f10x_rcc.o(.text)
    RCC_LSICmd                               0x08006879   Thumb Code     6  stm32f10x_rcc.o(.text)
    RCC_RTCCLKConfig                         0x0800687f   Thumb Code    12  stm32f10x_rcc.o(.text)
    RCC_RTCCLKCmd                            0x0800688b   Thumb Code     8  stm32f10x_rcc.o(.text)
    RCC_GetClocksFreq                        0x08006893   Thumb Code   192  stm32f10x_rcc.o(.text)
    RCC_AHBPeriphClockCmd                    0x08006953   Thumb Code    26  stm32f10x_rcc.o(.text)
    RCC_APB2PeriphClockCmd                   0x0800696d   Thumb Code    26  stm32f10x_rcc.o(.text)
    RCC_APB1PeriphClockCmd                   0x08006987   Thumb Code    26  stm32f10x_rcc.o(.text)
    RCC_APB2PeriphResetCmd                   0x080069a1   Thumb Code    26  stm32f10x_rcc.o(.text)
    RCC_APB1PeriphResetCmd                   0x080069bb   Thumb Code    26  stm32f10x_rcc.o(.text)
    RCC_BackupResetCmd                       0x080069d5   Thumb Code     8  stm32f10x_rcc.o(.text)
    RCC_ClockSecuritySystemCmd               0x080069dd   Thumb Code     6  stm32f10x_rcc.o(.text)
    RCC_MCOConfig                            0x080069e3   Thumb Code     6  stm32f10x_rcc.o(.text)
    RCC_ClearFlag                            0x080069e9   Thumb Code    14  stm32f10x_rcc.o(.text)
    RCC_GetITStatus                          0x080069f7   Thumb Code    20  stm32f10x_rcc.o(.text)
    RCC_ClearITPendingBit                    0x08006a0b   Thumb Code     6  stm32f10x_rcc.o(.text)
    USART_DeInit                             0x08006a35   Thumb Code   134  stm32f10x_usart.o(.text)
    USART_Init                               0x08006abb   Thumb Code   210  stm32f10x_usart.o(.text)
    USART_StructInit                         0x08006b8d   Thumb Code    24  stm32f10x_usart.o(.text)
    USART_ClockInit                          0x08006ba5   Thumb Code    34  stm32f10x_usart.o(.text)
    USART_ClockStructInit                    0x08006bc7   Thumb Code    12  stm32f10x_usart.o(.text)
    USART_Cmd                                0x08006bd3   Thumb Code    24  stm32f10x_usart.o(.text)
    USART_ITConfig                           0x08006beb   Thumb Code    74  stm32f10x_usart.o(.text)
    USART_DMACmd                             0x08006c35   Thumb Code    18  stm32f10x_usart.o(.text)
    USART_SetAddress                         0x08006c47   Thumb Code    18  stm32f10x_usart.o(.text)
    USART_WakeUpConfig                       0x08006c59   Thumb Code    18  stm32f10x_usart.o(.text)
    USART_ReceiverWakeUpCmd                  0x08006c6b   Thumb Code    24  stm32f10x_usart.o(.text)
    USART_LINBreakDetectLengthConfig         0x08006c83   Thumb Code    18  stm32f10x_usart.o(.text)
    USART_LINCmd                             0x08006c95   Thumb Code    24  stm32f10x_usart.o(.text)
    USART_SendData                           0x08006cad   Thumb Code     8  stm32f10x_usart.o(.text)
    USART_ReceiveData                        0x08006cb5   Thumb Code    10  stm32f10x_usart.o(.text)
    USART_SendBreak                          0x08006cbf   Thumb Code    10  stm32f10x_usart.o(.text)
    USART_SetGuardTime                       0x08006cc9   Thumb Code    16  stm32f10x_usart.o(.text)
    USART_SetPrescaler                       0x08006cd9   Thumb Code    16  stm32f10x_usart.o(.text)
    USART_SmartCardCmd                       0x08006ce9   Thumb Code    24  stm32f10x_usart.o(.text)
    USART_SmartCardNACKCmd                   0x08006d01   Thumb Code    24  stm32f10x_usart.o(.text)
    USART_HalfDuplexCmd                      0x08006d19   Thumb Code    24  stm32f10x_usart.o(.text)
    USART_OverSampling8Cmd                   0x08006d31   Thumb Code    22  stm32f10x_usart.o(.text)
    USART_OneBitMethodCmd                    0x08006d47   Thumb Code    24  stm32f10x_usart.o(.text)
    USART_IrDAConfig                         0x08006d5f   Thumb Code    18  stm32f10x_usart.o(.text)
    USART_IrDACmd                            0x08006d71   Thumb Code    24  stm32f10x_usart.o(.text)
    USART_GetFlagStatus                      0x08006d89   Thumb Code    26  stm32f10x_usart.o(.text)
    USART_ClearFlag                          0x08006da3   Thumb Code    18  stm32f10x_usart.o(.text)
    USART_GetITStatus                        0x08006db5   Thumb Code    84  stm32f10x_usart.o(.text)
    USART_ClearITPendingBit                  0x08006e09   Thumb Code    52  stm32f10x_usart.o(.text)
    RTC_ITConfig                             0x08006e3d   Thumb Code    26  stm32f10x_rtc.o(.text)
    RTC_EnterConfigMode                      0x08006e57   Thumb Code    18  stm32f10x_rtc.o(.text)
    RTC_ExitConfigMode                       0x08006e69   Thumb Code    20  stm32f10x_rtc.o(.text)
    RTC_GetCounter                           0x08006e7d   Thumb Code    18  stm32f10x_rtc.o(.text)
    RTC_SetCounter                           0x08006e8f   Thumb Code    26  stm32f10x_rtc.o(.text)
    RTC_SetPrescaler                         0x08006ea9   Thumb Code    28  stm32f10x_rtc.o(.text)
    RTC_SetAlarm                             0x08006ec5   Thumb Code    26  stm32f10x_rtc.o(.text)
    RTC_GetDivider                           0x08006edf   Thumb Code    22  stm32f10x_rtc.o(.text)
    RTC_WaitForLastTask                      0x08006ef5   Thumb Code    18  stm32f10x_rtc.o(.text)
    RTC_WaitForSynchro                       0x08006f07   Thumb Code    36  stm32f10x_rtc.o(.text)
    RTC_GetFlagStatus                        0x08006f2b   Thumb Code    22  stm32f10x_rtc.o(.text)
    RTC_ClearFlag                            0x08006f41   Thumb Code    16  stm32f10x_rtc.o(.text)
    RTC_GetITStatus                          0x08006f51   Thumb Code    32  stm32f10x_rtc.o(.text)
    RTC_ClearITPendingBit                    0x08006f71   Thumb Code    16  stm32f10x_rtc.o(.text)
    BKP_DeInit                               0x08006f85   Thumb Code    16  stm32f10x_bkp.o(.text)
    BKP_TamperPinLevelConfig                 0x08006f95   Thumb Code     6  stm32f10x_bkp.o(.text)
    BKP_TamperPinCmd                         0x08006f9b   Thumb Code     8  stm32f10x_bkp.o(.text)
    BKP_ITConfig                             0x08006fa3   Thumb Code     8  stm32f10x_bkp.o(.text)
    BKP_RTCOutputConfig                      0x08006fab   Thumb Code    22  stm32f10x_bkp.o(.text)
    BKP_SetRTCCalibrationValue               0x08006fc1   Thumb Code    22  stm32f10x_bkp.o(.text)
    BKP_WriteBackupRegister                  0x08006fd7   Thumb Code    24  stm32f10x_bkp.o(.text)
    BKP_ReadBackupRegister                   0x08006fef   Thumb Code    26  stm32f10x_bkp.o(.text)
    BKP_GetFlagStatus                        0x08007009   Thumb Code    10  stm32f10x_bkp.o(.text)
    BKP_ClearFlag                            0x08007013   Thumb Code    18  stm32f10x_bkp.o(.text)
    BKP_GetITStatus                          0x08007025   Thumb Code    10  stm32f10x_bkp.o(.text)
    BKP_ClearITPendingBit                    0x0800702f   Thumb Code    18  stm32f10x_bkp.o(.text)
    PWR_DeInit                               0x08007049   Thumb Code    22  stm32f10x_pwr.o(.text)
    PWR_BackupAccessCmd                      0x0800705f   Thumb Code     6  stm32f10x_pwr.o(.text)
    PWR_PVDCmd                               0x08007065   Thumb Code     6  stm32f10x_pwr.o(.text)
    PWR_PVDLevelConfig                       0x0800706b   Thumb Code    18  stm32f10x_pwr.o(.text)
    PWR_WakeUpPinCmd                         0x0800707d   Thumb Code     8  stm32f10x_pwr.o(.text)
    PWR_EnterSTOPMode                        0x08007085   Thumb Code    54  stm32f10x_pwr.o(.text)
    PWR_EnterSTANDBYMode                     0x080070bb   Thumb Code    42  stm32f10x_pwr.o(.text)
    PWR_GetFlagStatus                        0x080070e5   Thumb Code    20  stm32f10x_pwr.o(.text)
    PWR_ClearFlag                            0x080070f9   Thumb Code    14  stm32f10x_pwr.o(.text)
    __use_no_semihosting                     0x08007115   Thumb Code     2  use_no_semi_2.o(.text)
    __2printf                                0x08007119   Thumb Code    20  noretval__2printf.o(.text)
    __2sprintf                               0x08007131   Thumb Code    34  noretval__2sprintf.o(.text)
    _printf_pre_padding                      0x08007159   Thumb Code    44  _printf_pad.o(.text)
    _printf_post_padding                     0x08007185   Thumb Code    34  _printf_pad.o(.text)
    _printf_int_dec                          0x080071a9   Thumb Code   104  _printf_dec.o(.text)
    _printf_int_hex                          0x08007221   Thumb Code    84  _printf_hex_int.o(.text)
    _printf_longlong_hex                     0x08007221   Thumb Code     0  _printf_hex_int.o(.text)
    __printf                                 0x08007279   Thumb Code   308  __printf_flags_wp.o(.text)
    __aeabi_memcpy4                          0x080073b1   Thumb Code     0  rt_memcpy_w.o(.text)
    __aeabi_memcpy8                          0x080073b1   Thumb Code     0  rt_memcpy_w.o(.text)
    __rt_memcpy_w                            0x080073b1   Thumb Code   100  rt_memcpy_w.o(.text)
    _memcpy_lastbytes_aligned                0x080073f9   Thumb Code     0  rt_memcpy_w.o(.text)
    __use_two_region_memory                  0x08007415   Thumb Code     2  heapauxi.o(.text)
    __rt_heap_escrow$2region                 0x08007417   Thumb Code     2  heapauxi.o(.text)
    __rt_heap_expand$2region                 0x08007419   Thumb Code     2  heapauxi.o(.text)
    __I$use$semihosting                      0x0800741b   Thumb Code     0  use_no_semi.o(.text)
    __use_no_semihosting_swi                 0x0800741b   Thumb Code     2  use_no_semi.o(.text)
    __read_errno                             0x0800741d   Thumb Code    10  _rserrno.o(.text)
    __set_errno                              0x08007427   Thumb Code    12  _rserrno.o(.text)
    _printf_int_common                       0x08007433   Thumb Code   178  _printf_intcommon.o(.text)
    _printf_char_common                      0x080074ef   Thumb Code    32  _printf_char_common.o(.text)
    _sputc                                   0x08007515   Thumb Code    10  _sputc.o(.text)
    _printf_char_file                        0x08007521   Thumb Code    32  _printf_char_file.o(.text)
    __aeabi_errno_addr                       0x08007545   Thumb Code     8  rt_errno_addr_intlibspace.o(.text)
    __errno$intlibspace                      0x08007545   Thumb Code     0  rt_errno_addr_intlibspace.o(.text)
    __rt_errno_addr$intlibspace              0x08007545   Thumb Code     0  rt_errno_addr_intlibspace.o(.text)
    ferror                                   0x0800754d   Thumb Code     8  ferror.o(.text)
    __user_libspace                          0x08007555   Thumb Code     8  libspace.o(.text)
    __user_perproc_libspace                  0x08007555   Thumb Code     0  libspace.o(.text)
    __user_perthread_libspace                0x08007555   Thumb Code     0  libspace.o(.text)
    __user_setup_stackheap                   0x0800755d   Thumb Code    74  sys_stackheap_outer.o(.text)
    exit                                     0x080075a7   Thumb Code    18  exit.o(.text)
    __ARM_fpclassify                         0x080075b9   Thumb Code    40  fpclassify.o(i.__ARM_fpclassify)
    __kernel_poly                            0x080075e1   Thumb Code   170  poly.o(i.__kernel_poly)
    __mathlib_dbl_divzero                    0x0800768d   Thumb Code    12  dunder.o(i.__mathlib_dbl_divzero)
    __mathlib_dbl_infnan2                    0x0800769d   Thumb Code     4  dunder.o(i.__mathlib_dbl_infnan2)
    __mathlib_dbl_invalid                    0x080076a1   Thumb Code    12  dunder.o(i.__mathlib_dbl_invalid)
    __mathlib_dbl_overflow                   0x080076ad   Thumb Code    14  dunder.o(i.__mathlib_dbl_overflow)
    __mathlib_dbl_underflow                  0x080076bd   Thumb Code    10  dunder.o(i.__mathlib_dbl_underflow)
    _is_digit                                0x080076cd   Thumb Code    14  __printf_wp.o(i._is_digit)
    pow                                      0x080076dd   Thumb Code  2512  pow.o(i.pow)
    sqrt                                     0x080080b5   Thumb Code    76  sqrt.o(i.sqrt)
    __aeabi_dadd                             0x08008101   Thumb Code     0  daddsub_clz.o(x$fpl$dadd)
    _dadd                                    0x08008101   Thumb Code   332  daddsub_clz.o(x$fpl$dadd)
    __fpl_dcheck_NaN1                        0x08008251   Thumb Code    10  dcheck1.o(x$fpl$dcheck1)
    __fpl_dcmp_Inf                           0x08008261   Thumb Code    24  dcmpi.o(x$fpl$dcmpinf)
    __aeabi_ddiv                             0x08008279   Thumb Code     0  ddiv.o(x$fpl$ddiv)
    _ddiv                                    0x08008279   Thumb Code   552  ddiv.o(x$fpl$ddiv)
    __aeabi_d2uiz                            0x08008529   Thumb Code     0  dfixu.o(x$fpl$dfixu)
    _dfixu                                   0x08008529   Thumb Code    90  dfixu.o(x$fpl$dfixu)
    __aeabi_i2d                              0x08008583   Thumb Code     0  dflt_clz.o(x$fpl$dflt)
    _dflt                                    0x08008583   Thumb Code    46  dflt_clz.o(x$fpl$dflt)
    __aeabi_ui2d                             0x080085b1   Thumb Code     0  dflt_clz.o(x$fpl$dfltu)
    _dfltu                                   0x080085b1   Thumb Code    38  dflt_clz.o(x$fpl$dfltu)
    __aeabi_cdcmple                          0x080085d9   Thumb Code     0  dleqf.o(x$fpl$dleqf)
    _dcmple                                  0x080085d9   Thumb Code   120  dleqf.o(x$fpl$dleqf)
    __fpl_dcmple_InfNaN                      0x0800863b   Thumb Code     0  dleqf.o(x$fpl$dleqf)
    __aeabi_dmul                             0x08008651   Thumb Code     0  dmul.o(x$fpl$dmul)
    _dmul                                    0x08008651   Thumb Code   332  dmul.o(x$fpl$dmul)
    __fpl_dnaninf                            0x080087a5   Thumb Code   156  dnaninf.o(x$fpl$dnaninf)
    __fpl_dretinf                            0x08008841   Thumb Code    12  dretinf.o(x$fpl$dretinf)
    __aeabi_cdrcmple                         0x0800884d   Thumb Code     0  drleqf.o(x$fpl$drleqf)
    _drcmple                                 0x0800884d   Thumb Code   108  drleqf.o(x$fpl$drleqf)
    __aeabi_drsub                            0x080088b9   Thumb Code     0  daddsub_clz.o(x$fpl$drsb)
    _drsb                                    0x080088b9   Thumb Code    22  daddsub_clz.o(x$fpl$drsb)
    _dsqrt                                   0x080088d1   Thumb Code   456  dsqrt_noumaal.o(x$fpl$dsqrt)
    __aeabi_dsub                             0x08008a9d   Thumb Code     0  daddsub_clz.o(x$fpl$dsub)
    _dsub                                    0x08008a9d   Thumb Code   464  daddsub_clz.o(x$fpl$dsub)
    __fpl_return_NaN                         0x08008c71   Thumb Code   100  retnan.o(x$fpl$retnan)
    __ARM_scalbn                             0x08008cd5   Thumb Code    92  scalbn.o(x$fpl$scalbn)
    __fpl_cmpreturn                          0x08008d31   Thumb Code    48  trapv.o(x$fpl$trapveneer)
    __I$use$fp                               0x08008d60   Number         0  usenofp.o(x$fpl$usenofp)
    asc2_1206                                0x08008d60   Data        1140  lcd.o(.constdata)
    asc2_1608                                0x080091d4   Data        1520  lcd.o(.constdata)
    asc2_2412                                0x080097c4   Data        3420  lcd.o(.constdata)
    MonthTable                               0x0800a520   Data          24  rtc.o(.constdata)
    __mathlib_zero                           0x0800a618   Data           8  qnan.o(.constdata)
    Region$$Table$$Base                      0x0800a6e0   Number         0  anon$$obj.o(Region$$Table)
    Region$$Table$$Limit                     0x0800a700   Number         0  anon$$obj.o(Region$$Table)
    SystemCoreClock                          0x20000000   Data           4  system_stm32f10x.o(.data)
    AHBPrescTable                            0x20000004   Data          16  system_stm32f10x.o(.data)
    POINT_COLOR                              0x20000016   Data           2  lcd.o(.data)
    BACK_COLOR                               0x20000018   Data           2  lcd.o(.data)
    __stdout                                 0x20000020   Data           4  usart.o(.data)
    USART_RX_STA                             0x20000024   Data           2  usart.o(.data)
    lcddev                                   0x2000003c   Data          14  lcd.o(.bss)
    calendar                                 0x2000004a   Data          12  rtc.o(.bss)
    __libspace_start                         0x20000058   Data          96  libspace.o(.bss)
    __temporary_stack_top$libspace           0x200000b8   Data           0  libspace.o(.bss)



==============================================================================

Memory Map of the image

  Image Entry point : 0x08000131

  Load Region LR_IROM1 (Base: 0x08000000, Size: 0x0000a73c, Max: 0x00080000, ABSOLUTE)

    Execution Region ER_IROM1 (Exec base: 0x08000000, Load base: 0x08000000, Size: 0x0000a700, Max: 0x00080000, ABSOLUTE)

    Exec Addr    Load Addr    Size         Type   Attr      Idx    E Section Name        Object

    0x08000000   0x08000000   0x00000130   Data   RO          337    RESET               startup_stm32f10x_hd.o
    0x08000130   0x08000130   0x00000008   Code   RO          506  * !!!main             c_w.l(__main.o)
    0x08000138   0x08000138   0x00000034   Code   RO          763    !!!scatter          c_w.l(__scatter.o)
    0x0800016c   0x0800016c   0x0000001a   Code   RO          765    !!handler_copy      c_w.l(__scatter_copy.o)
    0x08000186   0x08000186   0x00000002   PAD
    0x08000188   0x08000188   0x0000001c   Code   RO          767    !!handler_zi        c_w.l(__scatter_zi.o)
    0x080001a4   0x080001a4   0x00000000   Code   RO          501    .ARM.Collect$$_printf_percent$$00000000  c_w.l(_printf_percent.o)
    0x080001a4   0x080001a4   0x00000006   Code   RO          500    .ARM.Collect$$_printf_percent$$00000009  c_w.l(_printf_d.o)
    0x080001aa   0x080001aa   0x00000006   Code   RO          499    .ARM.Collect$$_printf_percent$$0000000C  c_w.l(_printf_x.o)
    0x080001b0   0x080001b0   0x00000004   Code   RO          549    .ARM.Collect$$_printf_percent$$00000017  c_w.l(_printf_percent_end.o)
    0x080001b4   0x080001b4   0x00000002   Code   RO          634    .ARM.Collect$$libinit$$00000000  c_w.l(libinit.o)
    0x080001b6   0x080001b6   0x00000000   Code   RO          642    .ARM.Collect$$libinit$$00000002  c_w.l(libinit2.o)
    0x080001b6   0x080001b6   0x00000000   Code   RO          644    .ARM.Collect$$libinit$$00000004  c_w.l(libinit2.o)
    0x080001b6   0x080001b6   0x00000000   Code   RO          647    .ARM.Collect$$libinit$$0000000A  c_w.l(libinit2.o)
    0x080001b6   0x080001b6   0x00000000   Code   RO          649    .ARM.Collect$$libinit$$0000000C  c_w.l(libinit2.o)
    0x080001b6   0x080001b6   0x00000000   Code   RO          651    .ARM.Collect$$libinit$$0000000E  c_w.l(libinit2.o)
    0x080001b6   0x080001b6   0x00000000   Code   RO          654    .ARM.Collect$$libinit$$00000011  c_w.l(libinit2.o)
    0x080001b6   0x080001b6   0x00000000   Code   RO          656    .ARM.Collect$$libinit$$00000013  c_w.l(libinit2.o)
    0x080001b6   0x080001b6   0x00000000   Code   RO          658    .ARM.Collect$$libinit$$00000015  c_w.l(libinit2.o)
    0x080001b6   0x080001b6   0x00000000   Code   RO          660    .ARM.Collect$$libinit$$00000017  c_w.l(libinit2.o)
    0x080001b6   0x080001b6   0x00000000   Code   RO          662    .ARM.Collect$$libinit$$00000019  c_w.l(libinit2.o)
    0x080001b6   0x080001b6   0x00000000   Code   RO          664    .ARM.Collect$$libinit$$0000001B  c_w.l(libinit2.o)
    0x080001b6   0x080001b6   0x00000000   Code   RO          666    .ARM.Collect$$libinit$$0000001D  c_w.l(libinit2.o)
    0x080001b6   0x080001b6   0x00000000   Code   RO          668    .ARM.Collect$$libinit$$0000001F  c_w.l(libinit2.o)
    0x080001b6   0x080001b6   0x00000000   Code   RO          670    .ARM.Collect$$libinit$$00000021  c_w.l(libinit2.o)
    0x080001b6   0x080001b6   0x00000000   Code   RO          672    .ARM.Collect$$libinit$$00000023  c_w.l(libinit2.o)
    0x080001b6   0x080001b6   0x00000000   Code   RO          674    .ARM.Collect$$libinit$$00000025  c_w.l(libinit2.o)
    0x080001b6   0x080001b6   0x00000000   Code   RO          678    .ARM.Collect$$libinit$$0000002C  c_w.l(libinit2.o)
    0x080001b6   0x080001b6   0x00000000   Code   RO          680    .ARM.Collect$$libinit$$0000002E  c_w.l(libinit2.o)
    0x080001b6   0x080001b6   0x00000000   Code   RO          682    .ARM.Collect$$libinit$$00000030  c_w.l(libinit2.o)
    0x080001b6   0x080001b6   0x00000000   Code   RO          684    .ARM.Collect$$libinit$$00000032  c_w.l(libinit2.o)
    0x080001b6   0x080001b6   0x00000002   Code   RO          685    .ARM.Collect$$libinit$$00000033  c_w.l(libinit2.o)
    0x080001b8   0x080001b8   0x00000002   Code   RO          705    .ARM.Collect$$libshutdown$$00000000  c_w.l(libshutdown.o)
    0x080001ba   0x080001ba   0x00000000   Code   RO          715    .ARM.Collect$$libshutdown$$00000002  c_w.l(libshutdown2.o)
    0x080001ba   0x080001ba   0x00000000   Code   RO          717    .ARM.Collect$$libshutdown$$00000004  c_w.l(libshutdown2.o)
    0x080001ba   0x080001ba   0x00000000   Code   RO          720    .ARM.Collect$$libshutdown$$00000007  c_w.l(libshutdown2.o)
    0x080001ba   0x080001ba   0x00000000   Code   RO          723    .ARM.Collect$$libshutdown$$0000000A  c_w.l(libshutdown2.o)
    0x080001ba   0x080001ba   0x00000000   Code   RO          725    .ARM.Collect$$libshutdown$$0000000C  c_w.l(libshutdown2.o)
    0x080001ba   0x080001ba   0x00000000   Code   RO          728    .ARM.Collect$$libshutdown$$0000000F  c_w.l(libshutdown2.o)
    0x080001ba   0x080001ba   0x00000002   Code   RO          729    .ARM.Collect$$libshutdown$$00000010  c_w.l(libshutdown2.o)
    0x080001bc   0x080001bc   0x00000000   Code   RO          538    .ARM.Collect$$rtentry$$00000000  c_w.l(__rtentry.o)
    0x080001bc   0x080001bc   0x00000000   Code   RO          591    .ARM.Collect$$rtentry$$00000002  c_w.l(__rtentry2.o)
    0x080001bc   0x080001bc   0x00000006   Code   RO          603    .ARM.Collect$$rtentry$$00000004  c_w.l(__rtentry4.o)
    0x080001c2   0x080001c2   0x00000000   Code   RO          593    .ARM.Collect$$rtentry$$00000009  c_w.l(__rtentry2.o)
    0x080001c2   0x080001c2   0x00000004   Code   RO          594    .ARM.Collect$$rtentry$$0000000A  c_w.l(__rtentry2.o)
    0x080001c6   0x080001c6   0x00000000   Code   RO          596    .ARM.Collect$$rtentry$$0000000C  c_w.l(__rtentry2.o)
    0x080001c6   0x080001c6   0x00000008   Code   RO          597    .ARM.Collect$$rtentry$$0000000D  c_w.l(__rtentry2.o)
    0x080001ce   0x080001ce   0x00000002   Code   RO          639    .ARM.Collect$$rtexit$$00000000  c_w.l(rtexit.o)
    0x080001d0   0x080001d0   0x00000000   Code   RO          689    .ARM.Collect$$rtexit$$00000002  c_w.l(rtexit2.o)
    0x080001d0   0x080001d0   0x00000004   Code   RO          690    .ARM.Collect$$rtexit$$00000003  c_w.l(rtexit2.o)
    0x080001d4   0x080001d4   0x00000006   Code   RO          691    .ARM.Collect$$rtexit$$00000004  c_w.l(rtexit2.o)
    0x080001da   0x080001da   0x00000002   PAD
    0x080001dc   0x080001dc   0x00000168   Code   RO            1    .text               main.o
    0x08000344   0x08000344   0x0000001a   Code   RO          132    .text               stm32f10x_it.o
    0x0800035e   0x0800035e   0x00000002   PAD
    0x08000360   0x08000360   0x000001e0   Code   RO          173    .text               system_stm32f10x.o
    0x08000540   0x08000540   0x0000004c   Code   RO          191    .text               led.o
    0x0800058c   0x0800058c   0x000000fc   Code   RO          203    .text               key.o
    0x08000688   0x08000688   0x00004a5c   Code   RO          216    .text               lcd.o
    0x080050e4   0x080050e4   0x00000994   Code   RO          239    .text               rtc.o
    0x08005a78   0x08005a78   0x000000d4   Code   RO          271    .text               delay.o
    0x08005b4c   0x08005b4c   0x000000c0   Code   RO          302    .text               usart.o
    0x08005c0c   0x08005c0c   0x00000040   Code   RO          338    .text               startup_stm32f10x_hd.o
    0x08005c4c   0x08005c4c   0x000000dc   Code   RO          342    .text               misc.o
    0x08005d28   0x08005d28   0x0000060c   Code   RO          354    .text               stm32f10x_fsmc.o
    0x08006334   0x08006334   0x0000035c   Code   RO          366    .text               stm32f10x_gpio.o
    0x08006690   0x08006690   0x000003a4   Code   RO          378    .text               stm32f10x_rcc.o
    0x08006a34   0x08006a34   0x00000408   Code   RO          392    .text               stm32f10x_usart.o
    0x08006e3c   0x08006e3c   0x00000148   Code   RO          404    .text               stm32f10x_rtc.o
    0x08006f84   0x08006f84   0x000000c4   Code   RO          416    .text               stm32f10x_bkp.o
    0x08007048   0x08007048   0x000000cc   Code   RO          428    .text               stm32f10x_pwr.o
    0x08007114   0x08007114   0x00000002   Code   RO          442    .text               c_w.l(use_no_semi_2.o)
    0x08007116   0x08007116   0x00000002   PAD
    0x08007118   0x08007118   0x00000018   Code   RO          448    .text               c_w.l(noretval__2printf.o)
    0x08007130   0x08007130   0x00000028   Code   RO          450    .text               c_w.l(noretval__2sprintf.o)
    0x08007158   0x08007158   0x0000004e   Code   RO          454    .text               c_w.l(_printf_pad.o)
    0x080071a6   0x080071a6   0x00000002   PAD
    0x080071a8   0x080071a8   0x00000078   Code   RO          456    .text               c_w.l(_printf_dec.o)
    0x08007220   0x08007220   0x00000058   Code   RO          461    .text               c_w.l(_printf_hex_int.o)
    0x08007278   0x08007278   0x00000138   Code   RO          491    .text               c_w.l(__printf_flags_wp.o)
    0x080073b0   0x080073b0   0x00000064   Code   RO          502    .text               c_w.l(rt_memcpy_w.o)
    0x08007414   0x08007414   0x00000006   Code   RO          504    .text               c_w.l(heapauxi.o)
    0x0800741a   0x0800741a   0x00000002   Code   RO          536    .text               c_w.l(use_no_semi.o)
    0x0800741c   0x0800741c   0x00000016   Code   RO          539    .text               c_w.l(_rserrno.o)
    0x08007432   0x08007432   0x000000b2   Code   RO          541    .text               c_w.l(_printf_intcommon.o)
    0x080074e4   0x080074e4   0x00000030   Code   RO          543    .text               c_w.l(_printf_char_common.o)
    0x08007514   0x08007514   0x0000000a   Code   RO          545    .text               c_w.l(_sputc.o)
    0x0800751e   0x0800751e   0x00000002   PAD
    0x08007520   0x08007520   0x00000024   Code   RO          547    .text               c_w.l(_printf_char_file.o)
    0x08007544   0x08007544   0x00000008   Code   RO          608    .text               c_w.l(rt_errno_addr_intlibspace.o)
    0x0800754c   0x0800754c   0x00000008   Code   RO          612    .text               c_w.l(ferror.o)
    0x08007554   0x08007554   0x00000008   Code   RO          622    .text               c_w.l(libspace.o)
    0x0800755c   0x0800755c   0x0000004a   Code   RO          625    .text               c_w.l(sys_stackheap_outer.o)
    0x080075a6   0x080075a6   0x00000012   Code   RO          627    .text               c_w.l(exit.o)
    0x080075b8   0x080075b8   0x00000028   Code   RO          577    i.__ARM_fpclassify  m_ws.l(fpclassify.o)
    0x080075e0   0x080075e0   0x000000aa   Code   RO          579    i.__kernel_poly     m_ws.l(poly.o)
    0x0800768a   0x0800768a   0x00000002   PAD
    0x0800768c   0x0800768c   0x00000010   Code   RO          563    i.__mathlib_dbl_divzero  m_ws.l(dunder.o)
    0x0800769c   0x0800769c   0x00000004   Code   RO          565    i.__mathlib_dbl_infnan2  m_ws.l(dunder.o)
    0x080076a0   0x080076a0   0x0000000c   Code   RO          566    i.__mathlib_dbl_invalid  m_ws.l(dunder.o)
    0x080076ac   0x080076ac   0x0000000e   Code   RO          567    i.__mathlib_dbl_overflow  m_ws.l(dunder.o)
    0x080076ba   0x080076ba   0x00000002   PAD
    0x080076bc   0x080076bc   0x00000010   Code   RO          569    i.__mathlib_dbl_underflow  m_ws.l(dunder.o)
    0x080076cc   0x080076cc   0x0000000e   Code   RO          489    i._is_digit         c_w.l(__printf_wp.o)
    0x080076da   0x080076da   0x00000002   PAD
    0x080076dc   0x080076dc   0x000009d8   Code   RO          527    i.pow               m_ws.l(pow.o)
    0x080080b4   0x080080b4   0x0000004c   Code   RO          583    i.sqrt              m_ws.l(sqrt.o)
    0x08008100   0x08008100   0x00000150   Code   RO          508    x$fpl$dadd          fz_ws.l(daddsub_clz.o)
    0x08008250   0x08008250   0x00000010   Code   RO          616    x$fpl$dcheck1       fz_ws.l(dcheck1.o)
    0x08008260   0x08008260   0x00000018   Code   RO          635    x$fpl$dcmpinf       fz_ws.l(dcmpi.o)
    0x08008278   0x08008278   0x000002b0   Code   RO          551    x$fpl$ddiv          fz_ws.l(ddiv.o)
    0x08008528   0x08008528   0x0000005a   Code   RO          514    x$fpl$dfixu         fz_ws.l(dfixu.o)
    0x08008582   0x08008582   0x0000002e   Code   RO          519    x$fpl$dflt          fz_ws.l(dflt_clz.o)
    0x080085b0   0x080085b0   0x00000026   Code   RO          518    x$fpl$dfltu         fz_ws.l(dflt_clz.o)
    0x080085d6   0x080085d6   0x00000002   PAD
    0x080085d8   0x080085d8   0x00000078   Code   RO          618    x$fpl$dleqf         fz_ws.l(dleqf.o)
    0x08008650   0x08008650   0x00000154   Code   RO          524    x$fpl$dmul          fz_ws.l(dmul.o)
    0x080087a4   0x080087a4   0x0000009c   Code   RO          554    x$fpl$dnaninf       fz_ws.l(dnaninf.o)
    0x08008840   0x08008840   0x0000000c   Code   RO          556    x$fpl$dretinf       fz_ws.l(dretinf.o)
    0x0800884c   0x0800884c   0x0000006c   Code   RO          558    x$fpl$drleqf        fz_ws.l(drleqf.o)
    0x080088b8   0x080088b8   0x00000016   Code   RO          509    x$fpl$drsb          fz_ws.l(daddsub_clz.o)
    0x080088ce   0x080088ce   0x00000002   PAD
    0x080088d0   0x080088d0   0x000001cc   Code   RO          620    x$fpl$dsqrt         fz_ws.l(dsqrt_noumaal.o)
    0x08008a9c   0x08008a9c   0x000001d4   Code   RO          510    x$fpl$dsub          fz_ws.l(daddsub_clz.o)
    0x08008c70   0x08008c70   0x00000064   Code   RO          637    x$fpl$retnan        fz_ws.l(retnan.o)
    0x08008cd4   0x08008cd4   0x0000005c   Code   RO          560    x$fpl$scalbn        fz_ws.l(scalbn.o)
    0x08008d30   0x08008d30   0x00000030   Code   RO          686    x$fpl$trapveneer    fz_ws.l(trapv.o)
    0x08008d60   0x08008d60   0x00000000   Code   RO          562    x$fpl$usenofp       fz_ws.l(usenofp.o)
    0x08008d60   0x08008d60   0x000017c0   Data   RO          218    .constdata          lcd.o
    0x0800a520   0x0800a520   0x00000034   Data   RO          241    .constdata          rtc.o
    0x0800a554   0x0800a554   0x00000028   Data   RO          462    .constdata          c_w.l(_printf_hex_int.o)
    0x0800a57c   0x0800a57c   0x00000011   Data   RO          492    .constdata          c_w.l(__printf_flags_wp.o)
    0x0800a58d   0x0800a58d   0x00000003   PAD
    0x0800a590   0x0800a590   0x00000088   Data   RO          528    .constdata          m_ws.l(pow.o)
    0x0800a618   0x0800a618   0x00000008   Data   RO          581    .constdata          m_ws.l(qnan.o)
    0x0800a620   0x0800a620   0x000000bd   Data   RO          242    .conststring        rtc.o
    0x0800a6dd   0x0800a6dd   0x00000003   PAD
    0x0800a6e0   0x0800a6e0   0x00000020   Data   RO          761    Region$$Table       anon$$obj.o


    Execution Region RW_IRAM1 (Exec base: 0x20000000, Load base: 0x0800a700, Size: 0x000006b8, Max: 0x00010000, ABSOLUTE)

    Exec Addr    Load Addr    Size         Type   Attr      Idx    E Section Name        Object

    0x20000000   0x0800a700   0x00000014   Data   RW          174    .data               system_stm32f10x.o
    0x20000014   0x0800a714   0x00000001   Data   RW          204    .data               key.o
    0x20000015   0x0800a715   0x00000001   PAD
    0x20000016   0x0800a716   0x00000004   Data   RW          219    .data               lcd.o
    0x2000001a   0x0800a71a   0x00000001   Data   RW          243    .data               rtc.o
    0x2000001b   0x0800a71b   0x00000001   PAD
    0x2000001c   0x0800a71c   0x00000004   Data   RW          272    .data               delay.o
    0x20000020   0x0800a720   0x00000006   Data   RW          304    .data               usart.o
    0x20000026   0x0800a726   0x00000014   Data   RW          379    .data               stm32f10x_rcc.o
    0x2000003a   0x0800a73a   0x00000002   PAD
    0x2000003c        -       0x0000000e   Zero   RW          217    .bss                lcd.o
    0x2000004a        -       0x0000000c   Zero   RW          240    .bss                rtc.o
    0x20000056   0x0800a73a   0x00000002   PAD
    0x20000058        -       0x00000060   Zero   RW          623    .bss                c_w.l(libspace.o)
    0x200000b8        -       0x00000200   Zero   RW          336    HEAP                startup_stm32f10x_hd.o
    0x200002b8        -       0x00000400   Zero   RW          335    STACK               startup_stm32f10x_hd.o


==============================================================================

Image component sizes


      Code (inc. data)   RO Data    RW Data    ZI Data      Debug   Object Name

       212         18          0          4          0       1027   delay.o
       252         12          0          1          0        832   key.o
     19036        162       6080          4         14      22210   lcd.o
        76          8          0          0          0        487   led.o
       360        102          0          0          0     240887   main.o
       220         22          0          0          0       1785   misc.o
      2452        222        241          1         12       6468   rtc.o
        64         26        304          0       1536        788   startup_stm32f10x_hd.o
       196          8          0          0          0       3480   stm32f10x_bkp.o
      1548         18          0          0          0       5359   stm32f10x_fsmc.o
       860         38          0          0          0       5717   stm32f10x_gpio.o
        26          0          0          0          0       1170   stm32f10x_it.o
       204         14          0          0          0       1947   stm32f10x_pwr.o
       932         36          0         20          0       8884   stm32f10x_rcc.o
       328          4          0          0          0       2714   stm32f10x_rtc.o
      1032         22          0          0          0       8440   stm32f10x_usart.o
         0          0          0          0          0         32   sys.o
       480         38          0         20          0       1715   system_stm32f10x.o
       192          8          0          6          0       3042   usart.o

    ----------------------------------------------------------------------
     28472        758       6660         60       1564     316984   Object Totals
         0          0         32          0          0          0   (incl. Generated)
         2          0          3          4          2          0   (incl. Padding)

    ----------------------------------------------------------------------

      Code (inc. data)   RO Data    RW Data    ZI Data      Debug   Library Member Name

         8          0          0          0          0         68   __main.o
       312          4         17          0          0         92   __printf_flags_wp.o
        14          0          0          0          0         68   __printf_wp.o
         0          0          0          0          0          0   __rtentry.o
        12          0          0          0          0          0   __rtentry2.o
         6          0          0          0          0          0   __rtentry4.o
        52          8          0          0          0          0   __scatter.o
        26          0          0          0          0          0   __scatter_copy.o
        28          0          0          0          0          0   __scatter_zi.o
        48          6          0          0          0         96   _printf_char_common.o
        36          4          0          0          0         80   _printf_char_file.o
         6          0          0          0          0          0   _printf_d.o
       120         16          0          0          0         92   _printf_dec.o
        88          4         40          0          0         88   _printf_hex_int.o
       178          0          0          0          0         88   _printf_intcommon.o
        78          0          0          0          0        108   _printf_pad.o
         0          0          0          0          0          0   _printf_percent.o
         4          0          0          0          0          0   _printf_percent_end.o
         6          0          0          0          0          0   _printf_x.o
        22          0          0          0          0        100   _rserrno.o
        10          0          0          0          0         68   _sputc.o
        18          0          0          0          0         80   exit.o
         8          0          0          0          0         68   ferror.o
         6          0          0          0          0        152   heapauxi.o
         2          0          0          0          0          0   libinit.o
         2          0          0          0          0          0   libinit2.o
         2          0          0          0          0          0   libshutdown.o
         2          0          0          0          0          0   libshutdown2.o
         8          4          0          0         96         68   libspace.o
        24          4          0          0          0         84   noretval__2printf.o
        40          6          0          0          0         84   noretval__2sprintf.o
         8          4          0          0          0         68   rt_errno_addr_intlibspace.o
       100          0          0          0          0         80   rt_memcpy_w.o
         2          0          0          0          0          0   rtexit.o
        10          0          0          0          0          0   rtexit2.o
        74          0          0          0          0         80   sys_stackheap_outer.o
         2          0          0          0          0         68   use_no_semi.o
         2          0          0          0          0         68   use_no_semi_2.o
       826         16          0          0          0        348   daddsub_clz.o
        16          4          0          0          0         68   dcheck1.o
        24          0          0          0          0         68   dcmpi.o
       688        140          0          0          0        208   ddiv.o
        90          4          0          0          0         92   dfixu.o
        84          0          0          0          0        136   dflt_clz.o
       120          4          0          0          0         92   dleqf.o
       340         12          0          0          0        104   dmul.o
       156          4          0          0          0         92   dnaninf.o
        12          0          0          0          0         68   dretinf.o
       108          0          0          0          0         80   drleqf.o
       460         56          0          0          0        120   dsqrt_noumaal.o
       100          0          0          0          0         68   retnan.o
        92          0          0          0          0         68   scalbn.o
        48          0          0          0          0         68   trapv.o
         0          0          0          0          0          0   usenofp.o
        62         10          0          0          0        340   dunder.o
        40          0          0          0          0         68   fpclassify.o
       170          0          0          0          0         96   poly.o
      2520        190        136          0          0        324   pow.o
         0          0          8          0          0          0   qnan.o
        76          0          0          0          0         84   sqrt.o

    ----------------------------------------------------------------------
      7416        500        204          0         96       4440   Library Totals
        20          0          3          0          0          0   (incl. Padding)

    ----------------------------------------------------------------------

      Code (inc. data)   RO Data    RW Data    ZI Data      Debug   Library Name

      1364         60         57          0         96       1848   c_w.l
      3164        240          0          0          0       1680   fz_ws.l
      2868        200        144          0          0        912   m_ws.l

    ----------------------------------------------------------------------
      7416        500        204          0         96       4440   Library Totals

    ----------------------------------------------------------------------

==============================================================================


      Code (inc. data)   RO Data    RW Data    ZI Data      Debug   

     35888       1258       6864         60       1660     317364   Grand Totals
     35888       1258       6864         60       1660     317364   ELF Image Totals
     35888       1258       6864         60          0          0   ROM Totals

==============================================================================

    Total RO  Size (Code + RO Data)                42752 (  41.75kB)
    Total RW  Size (RW Data + ZI Data)              1720 (   1.68kB)
    Total ROM Size (Code + RO Data + RW Data)      42812 (  41.81kB)

==============================================================================

